Archive member included to satisfy reference by file (symbol)

C:/ST/STM32CubeIDE_1.12.1/STM32CubeIDE/plugins/com.st.stm32cube.ide.mcu.externaltools.gnu-tools-for-stm32.11.3.rel1.win32_1.1.0.202305231506/tools/bin/../lib/gcc/arm-none-eabi/11.3.1/../../../../arm-none-eabi/lib/thumb/v7e-m+fp/hard\libc_nano.a(libc_a-exit.o)
                              C:/ST/STM32CubeIDE_1.12.1/STM32CubeIDE/plugins/com.st.stm32cube.ide.mcu.externaltools.gnu-tools-for-stm32.11.3.rel1.win32_1.1.0.202305231506/tools/bin/../lib/gcc/arm-none-eabi/11.3.1/../../../../arm-none-eabi/lib/thumb/v7e-m+fp/hard/crt0.o (exit)
C:/ST/STM32CubeIDE_1.12.1/STM32CubeIDE/plugins/com.st.stm32cube.ide.mcu.externaltools.gnu-tools-for-stm32.11.3.rel1.win32_1.1.0.202305231506/tools/bin/../lib/gcc/arm-none-eabi/11.3.1/../../../../arm-none-eabi/lib/thumb/v7e-m+fp/hard\libc_nano.a(libc_a-findfp.o)
                              C:/ST/STM32CubeIDE_1.12.1/STM32CubeIDE/plugins/com.st.stm32cube.ide.mcu.externaltools.gnu-tools-for-stm32.11.3.rel1.win32_1.1.0.202305231506/tools/bin/../lib/gcc/arm-none-eabi/11.3.1/../../../../arm-none-eabi/lib/thumb/v7e-m+fp/hard\libc_nano.a(libc_a-exit.o) (__stdio_exit_handler)
C:/ST/STM32CubeIDE_1.12.1/STM32CubeIDE/plugins/com.st.stm32cube.ide.mcu.externaltools.gnu-tools-for-stm32.11.3.rel1.win32_1.1.0.202305231506/tools/bin/../lib/gcc/arm-none-eabi/11.3.1/../../../../arm-none-eabi/lib/thumb/v7e-m+fp/hard\libc_nano.a(libc_a-fwalk.o)
                              C:/ST/STM32CubeIDE_1.12.1/STM32CubeIDE/plugins/com.st.stm32cube.ide.mcu.externaltools.gnu-tools-for-stm32.11.3.rel1.win32_1.1.0.202305231506/tools/bin/../lib/gcc/arm-none-eabi/11.3.1/../../../../arm-none-eabi/lib/thumb/v7e-m+fp/hard\libc_nano.a(libc_a-findfp.o) (_fwalk_sglue)
C:/ST/STM32CubeIDE_1.12.1/STM32CubeIDE/plugins/com.st.stm32cube.ide.mcu.externaltools.gnu-tools-for-stm32.11.3.rel1.win32_1.1.0.202305231506/tools/bin/../lib/gcc/arm-none-eabi/11.3.1/../../../../arm-none-eabi/lib/thumb/v7e-m+fp/hard\libc_nano.a(libc_a-stdio.o)
                              C:/ST/STM32CubeIDE_1.12.1/STM32CubeIDE/plugins/com.st.stm32cube.ide.mcu.externaltools.gnu-tools-for-stm32.11.3.rel1.win32_1.1.0.202305231506/tools/bin/../lib/gcc/arm-none-eabi/11.3.1/../../../../arm-none-eabi/lib/thumb/v7e-m+fp/hard\libc_nano.a(libc_a-findfp.o) (__sread)
C:/ST/STM32CubeIDE_1.12.1/STM32CubeIDE/plugins/com.st.stm32cube.ide.mcu.externaltools.gnu-tools-for-stm32.11.3.rel1.win32_1.1.0.202305231506/tools/bin/../lib/gcc/arm-none-eabi/11.3.1/../../../../arm-none-eabi/lib/thumb/v7e-m+fp/hard\libc_nano.a(libc_a-memset.o)
                              C:/ST/STM32CubeIDE_1.12.1/STM32CubeIDE/plugins/com.st.stm32cube.ide.mcu.externaltools.gnu-tools-for-stm32.11.3.rel1.win32_1.1.0.202305231506/tools/bin/../lib/gcc/arm-none-eabi/11.3.1/../../../../arm-none-eabi/lib/thumb/v7e-m+fp/hard/crt0.o (memset)
C:/ST/STM32CubeIDE_1.12.1/STM32CubeIDE/plugins/com.st.stm32cube.ide.mcu.externaltools.gnu-tools-for-stm32.11.3.rel1.win32_1.1.0.202305231506/tools/bin/../lib/gcc/arm-none-eabi/11.3.1/../../../../arm-none-eabi/lib/thumb/v7e-m+fp/hard\libc_nano.a(libc_a-closer.o)
                              C:/ST/STM32CubeIDE_1.12.1/STM32CubeIDE/plugins/com.st.stm32cube.ide.mcu.externaltools.gnu-tools-for-stm32.11.3.rel1.win32_1.1.0.202305231506/tools/bin/../lib/gcc/arm-none-eabi/11.3.1/../../../../arm-none-eabi/lib/thumb/v7e-m+fp/hard\libc_nano.a(libc_a-stdio.o) (_close_r)
C:/ST/STM32CubeIDE_1.12.1/STM32CubeIDE/plugins/com.st.stm32cube.ide.mcu.externaltools.gnu-tools-for-stm32.11.3.rel1.win32_1.1.0.202305231506/tools/bin/../lib/gcc/arm-none-eabi/11.3.1/../../../../arm-none-eabi/lib/thumb/v7e-m+fp/hard\libc_nano.a(libc_a-reent.o)
                              C:/ST/STM32CubeIDE_1.12.1/STM32CubeIDE/plugins/com.st.stm32cube.ide.mcu.externaltools.gnu-tools-for-stm32.11.3.rel1.win32_1.1.0.202305231506/tools/bin/../lib/gcc/arm-none-eabi/11.3.1/../../../../arm-none-eabi/lib/thumb/v7e-m+fp/hard\libc_nano.a(libc_a-closer.o) (errno)
C:/ST/STM32CubeIDE_1.12.1/STM32CubeIDE/plugins/com.st.stm32cube.ide.mcu.externaltools.gnu-tools-for-stm32.11.3.rel1.win32_1.1.0.202305231506/tools/bin/../lib/gcc/arm-none-eabi/11.3.1/../../../../arm-none-eabi/lib/thumb/v7e-m+fp/hard\libc_nano.a(libc_a-impure.o)
                              C:/ST/STM32CubeIDE_1.12.1/STM32CubeIDE/plugins/com.st.stm32cube.ide.mcu.externaltools.gnu-tools-for-stm32.11.3.rel1.win32_1.1.0.202305231506/tools/bin/../lib/gcc/arm-none-eabi/11.3.1/../../../../arm-none-eabi/lib/thumb/v7e-m+fp/hard\libc_nano.a(libc_a-reent.o) (_impure_ptr)
C:/ST/STM32CubeIDE_1.12.1/STM32CubeIDE/plugins/com.st.stm32cube.ide.mcu.externaltools.gnu-tools-for-stm32.11.3.rel1.win32_1.1.0.202305231506/tools/bin/../lib/gcc/arm-none-eabi/11.3.1/../../../../arm-none-eabi/lib/thumb/v7e-m+fp/hard\libc_nano.a(libc_a-lseekr.o)
[...]
Memory Configuration

Name             Origin             Length             Attributes
RAM              0x0000000020000000 0x0000000000004000 xrw
FLASH            0x0000000008000000 0x0000000000010000 xr
*default*        0x0000000000000000 0xffffffffffffffff

Linker script and memory map

LOAD C:/ST/STM32CubeIDE_1.12.1/STM32CubeIDE/plugins/com.st.stm32cube.ide.mcu.externaltools.gnu-tools-for-stm32.11.3.rel1.win32_1.1.0.202305231506/tools/bin/../lib/gcc/arm-none-eabi/11.3.1/thumb/v7e-m+fp/hard/crti.o
LOAD C:/ST/STM32CubeIDE_1.12.1/STM32CubeIDE/plugins/com.st.stm32cube.ide.mcu.externaltools.gnu-tools-for-stm32.11.3.rel1.win32_1.1.0.202305231506/tools/bin/../lib/gcc/arm-none-eabi/11.3.1/thumb/v7e-m+fp/hard/crtbegin.o
LOAD C:/ST/STM32CubeIDE_1.12.1/STM32CubeIDE/plugins/com.st.stm32cube.ide.mcu.externaltools.gnu-tools-for-stm32.11.3.rel1.win32_1.1.0.202305231506/tools/bin/../lib/gcc/arm-none-eabi/11.3.1/../../../../arm-none-eabi/lib/thumb/v7e-m+fp/hard/crt0.o
LOAD ./Core/MCLIB/ControlFunctions.o
LOAD ./Core/MCLIB/GeneralFunctions.o
LOAD ./Core/MCLIB/GlogalVariables.o
LOAD ./Core/MCLIB/Sequence.o
LOAD ./Core/MCLIB/SignalReadWrite.o
LOAD ./Core/MCLIB/SixsStep.o
LOAD ./Core/MCLIB/VectorControl.o
LOAD ./Core/Src/main.o
LOAD ./Core/Src/stm32f3xx_hal_msp.o
LOAD ./Core/Src/stm32f3xx_it.o
LOAD ./Core/Src/syscalls.o
LOAD ./Core/Src/sysmem.o
LOAD ./Core/Src/system_stm32f3xx.o
LOAD ./Core/Startup/startup_stm32f302r8tx.o
LOAD ./Drivers/STM32F3xx_HAL_Driver/Src/stm32f3xx_hal.o
LOAD ./Drivers/STM32F3xx_HAL_Driver/Src/stm32f3xx_hal_adc.o
LOAD ./Drivers/STM32F3xx_HAL_Driver/Src/stm32f3xx_hal_adc_ex.o
LOAD ./Drivers/STM32F3xx_HAL_Driver/Src/stm32f3xx_hal_cortex.o
LOAD ./Drivers/STM32F3xx_HAL_Driver/Src/stm32f3xx_hal_dma.o
LOAD ./Drivers/STM32F3xx_HAL_Driver/Src/stm32f3xx_hal_exti.o
LOAD ./Drivers/STM32F3xx_HAL_Driver/Src/stm32f3xx_hal_flash.o
LOAD ./Drivers/STM32F3xx_HAL_Driver/Src/stm32f3xx_hal_flash_ex.o
LOAD ./Drivers/STM32F3xx_HAL_Driver/Src/stm32f3xx_hal_gpio.o
LOAD ./Drivers/STM32F3xx_HAL_Driver/Src/stm32f3xx_hal_i2c.o
LOAD ./Drivers/STM32F3xx_HAL_Driver/Src/stm32f3xx_hal_i2c_ex.o
LOAD ./Drivers/STM32F3xx_HAL_Driver/Src/stm32f3xx_hal_pwr.o
LOAD ./Drivers/STM32F3xx_HAL_Driver/Src/stm32f3xx_hal_pwr_ex.o
LOAD ./Drivers/STM32F3xx_HAL_Driver/Src/stm32f3xx_hal_rcc.o
LOAD ./Drivers/STM32F3xx_HAL_Driver/Src/stm32f3xx_hal_rcc_ex.o
LOAD ./Drivers/STM32F3xx_HAL_Driver/Src/stm32f3xx_hal_tim.o
LOAD ./Drivers/STM32F3xx_HAL_Driver/Src/stm32f3xx_hal_tim_ex.o
LOAD ./Drivers/STM32F3xx_HAL_Driver/Src/stm32f3xx_hal_uart.o
LOAD ./Drivers/STM32F3xx_HAL_Driver/Src/stm32f3xx_hal_uart_ex.o
START GROUP
LOAD C:/ST/STM32CubeIDE_1.12.1/STM32CubeIDE/plugins/com.st.stm32cube.ide.mcu.externaltools.gnu-tools-for-stm32.11.3.rel1.win32_1.1.0.202305231506/tools/bin/../lib/gcc/arm-none-eabi/11.3.1/../../../../arm-none-eabi/lib/thumb/v7e-m+fp/hard\libc_nano.a
LOAD C:/ST/STM32CubeIDE_1.12.1/STM32CubeIDE/plugins/com.st.stm32cube.ide.mcu.externaltools.gnu-tools-for-stm32.11.3.rel1.win32_1.1.0.202305231506/tools/bin/../lib/gcc/arm-none-eabi/11.3.1/../../../../arm-none-eabi/lib/thumb/v7e-m+fp/hard\libm.a
END GROUP
START GROUP
LOAD C:/ST/STM32CubeIDE_1.12.1/STM32CubeIDE/plugins/com.st.stm32cube.ide.mcu.externaltools.gnu-tools-for-stm32.11.3.rel1.win32_1.1.0.202305231506/tools/bin/../lib/gcc/arm-none-eabi/11.3.1/thumb/v7e-m+fp/hard\libgcc.a
LOAD C:/ST/STM32CubeIDE_1.12.1/STM32CubeIDE/plugins/com.st.stm32cube.ide.mcu.externaltools.gnu-tools-for-stm32.11.3.rel1.win32_1.1.0.202305231506/tools/bin/../lib/gcc/arm-none-eabi/11.3.1/../../../../arm-none-eabi/lib/thumb/v7e-m+fp/hard\libc_nano.a
END GROUP
START GROUP
LOAD C:/ST/STM32CubeIDE_1.12.1/STM32CubeIDE/plugins/com.st.stm32cube.ide.mcu.externaltools.gnu-tools-for-stm32.11.3.rel1.win32_1.1.0.202305231506/tools/bin/../lib/gcc/arm-none-eabi/11.3.1/thumb/v7e-m+fp/hard\libgcc.a
LOAD C:/ST/STM32CubeIDE_1.12.1/STM32CubeIDE/plugins/com.st.stm32cube.ide.mcu.externaltools.gnu-tools-for-stm32.11.3.rel1.win32_1.1.0.202305231506/tools/bin/../lib/gcc/arm-none-eabi/11.3.1/../../../../arm-none-eabi/lib/thumb/v7e-m+fp/hard\libc_nano.a
LOAD C:/ST/STM32CubeIDE_1.12.1/STM32CubeIDE/plugins/com.st.stm32cube.ide.mcu.externaltools.gnu-tools-for-stm32.11.3.rel1.win32_1.1.0.202305231506/tools/bin/../lib/gcc/arm-none-eabi/11.3.1/../../../../arm-none-eabi/lib/thumb/v7e-m+fp/hard\libnosys.a
END GROUP
START GROUP
LOAD C:/ST/STM32CubeIDE_1.12.1/STM32CubeIDE/plugins/com.st.stm32cube.ide.mcu.externaltools.gnu-tools-for-stm32.11.3.rel1.win32_1.1.0.202305231506/tools/bin/../lib/gcc/arm-none-eabi/11.3.1/thumb/v7e-m+fp/hard\libgcc.a
LOAD C:/ST/STM32CubeIDE_1.12.1/STM32CubeIDE/plugins/com.st.stm32cube.ide.mcu.externaltools.gnu-tools-for-stm32.11.3.rel1.win32_1.1.0.202305231506/tools/bin/../lib/gcc/arm-none-eabi/11.3.1/../../../../arm-none-eabi/lib/thumb/v7e-m+fp/hard\libc_nano.a
LOAD C:/ST/STM32CubeIDE_1.12.1/STM32CubeIDE/plugins/com.st.stm32cube.ide.mcu.externaltools.gnu-tools-for-stm32.11.3.rel1.win32_1.1.0.202305231506/tools/bin/../lib/gcc/arm-none-eabi/11.3.1/../../../../arm-none-eabi/lib/thumb/v7e-m+fp/hard\libnosys.a
END GROUP
LOAD C:/ST/STM32CubeIDE_1.12.1/STM32CubeIDE/plugins/com.st.stm32cube.ide.mcu.externaltools.gnu-tools-for-stm32.11.3.rel1.win32_1.1.0.202305231506/tools/bin/../lib/gcc/arm-none-eabi/11.3.1/thumb/v7e-m+fp/hard/crtend.o
LOAD C:/ST/STM32CubeIDE_1.12.1/STM32CubeIDE/plugins/com.st.stm32cube.ide.mcu.externaltools.gnu-tools-for-stm32.11.3.rel1.win32_1.1.0.202305231506/tools/bin/../lib/gcc/arm-none-eabi/11.3.1/thumb/v7e-m+fp/hard/crtn.o
                0x0000000020004000                _estack = (ORIGIN (RAM) + LENGTH (RAM))
                0x0000000000000200                _Min_Heap_Size = 0x200
                0x0000000000000400                _Min_Stack_Size = 0x400

.isr_vector     0x0000000008000000      0x188
                0x0000000008000000                . = ALIGN (0x4)
 *(.isr_vector)
 .isr_vector    0x0000000008000000      0x188 ./Core/Startup/startup_stm32f302r8tx.o
                0x0000000008000000                g_pfnVectors
                0x0000000008000188                . = ALIGN (0x4)

.text           0x0000000008000188     0x8ee4
                0x0000000008000188                . = ALIGN (0x4)
 *(.text)
 .text          0x0000000008000188       0x40 C:/ST/STM32CubeIDE_1.12.1/STM32CubeIDE/plugins/com.st.stm32cube.ide.mcu.externaltools.gnu-tools-for-stm32.11.3.rel1.win32_1.1.0.202305231506/tools/bin/../lib/gcc/arm-none-eabi/11.3.1/thumb/v7e-m+fp/hard/crtbegin.o
 .text          0x00000000080001c8      0x254 C:/ST/STM32CubeIDE_1.12.1/STM32CubeIDE/plugins/com.st.stm32cube.ide.mcu.externaltools.gnu-tools-for-stm32.11.3.rel1.win32_1.1.0.202305231506/tools/bin/../lib/gcc/arm-none-eabi/11.3.1/thumb/v7e-m+fp/hard\libgcc.a(_arm_muldf3.o)
                0x00000000080001c8                __muldf3
                0x00000000080001c8                __aeabi_dmul
 .text          0x000000000800041c      0x378 C:/ST/STM32CubeIDE_1.12.1/STM32CubeIDE/plugins/com.st.stm32cube.ide.mcu.externaltools.gnu-tools-for-stm32.11.3.rel1.win32_1.1.0.202305231506/tools/bin/../lib/gcc/arm-none-eabi/11.3.1/thumb/v7e-m+fp/hard\libgcc.a(_arm_addsubdf3.o)
                0x000000000800041c                __aeabi_drsub
                0x0000000008000424                __aeabi_dsub
                0x0000000008000424                __subdf3
                0x0000000008000428                __aeabi_dadd
                0x0000000008000428                __adddf3
                0x00000000080006a0                __floatunsidf
                0x00000000080006a0                __aeabi_ui2d
                0x00000000080006c0                __floatsidf
                0x00000000080006c0                __aeabi_i2d
                0x00000000080006e4                __aeabi_f2d
                0x00000000080006e4                __extendsfdf2
                0x0000000008000728                __floatundidf
                0x0000000008000728                __aeabi_ul2d
                0x0000000008000738                __floatdidf
                0x0000000008000738                __aeabi_l2d
 .text          0x0000000008000794       0xa0 C:/ST/STM32CubeIDE_1.12.1/STM32CubeIDE/plugins/com.st.stm32cube.ide.mcu.externaltools.gnu-tools-for-stm32.11.3.rel1.win32_1.1.0.202305231506/tools/bin/../lib/gcc/arm-none-eabi/11.3.1/thumb/v7e-m+fp/hard\libgcc.a(_arm_truncdfsf2.o)
                0x0000000008000794                __truncdfsf2
                0x0000000008000794                __aeabi_d2f
 *(.text*)
 .text.cfPhaseLockedLoop
                0x0000000008000834       0x5e ./Core/MCLIB/ControlFunctions.o
                0x0000000008000834                cfPhaseLockedLoop
 .text.gfDivideAvoidZero
                0x0000000008000892       0x8c ./Core/MCLIB/GeneralFunctions.o
                0x0000000008000892                gfDivideAvoidZero
 *fill*         0x000000000800091e        0x2 
 .text.gfWrapTheta
                0x0000000008000920       0x7c ./Core/MCLIB/GeneralFunctions.o
                0x0000000008000920                gfWrapTheta
 .text.gUpperLowerLimit
                0x000000000800099c       0x52 ./Core/MCLIB/GeneralFunctions.o
                0x000000000800099c                gUpperLowerLimit
 .text.gOffDuty
                0x00000000080009ee       0x48 ./Core/MCLIB/GeneralFunctions.o
                0x00000000080009ee                gOffDuty
 .text.gLPF     0x0000000008000a36       0x60 ./Core/MCLIB/GeneralFunctions.o
                0x0000000008000a36                gLPF
 *fill*         0x0000000008000a96        0x2 
 .text.Sequence
                0x0000000008000a98       0xac ./Core/MCLIB/Sequence.o
                0x0000000008000a98                Sequence
 .text.slctPosMode
                0x0000000008000b44       0x6a ./Core/MCLIB/Sequence.o
 .text.slctDrvMode
                0x0000000008000bae       0x6a ./Core/MCLIB/Sequence.o
 .text.slctElectAngleFromPosMode
                0x0000000008000c18       0xb0 ./Core/MCLIB/Sequence.o
 .text.slctCntlFromDrvMode
                0x0000000008000cc8       0xf4 ./Core/MCLIB/Sequence.o
 .text.readButton1
                0x0000000008000dbc       0x24 ./Core/MCLIB/SignalReadWrite.o
                0x0000000008000dbc                readButton1
 .text.readInputCaptureCnt
                0x0000000008000de0       0x1c ./Core/MCLIB/SignalReadWrite.o
                0x0000000008000de0                readInputCaptureCnt
 .text.readTimeInterval
                0x0000000008000dfc       0x90 ./Core/MCLIB/SignalReadWrite.o
                0x0000000008000dfc                readTimeInterval
 .text.readVolume
                0x0000000008000e8c       0x58 ./Core/MCLIB/SignalReadWrite.o
                0x0000000008000e8c                readVolume
 .text.readVdc  0x0000000008000ee4       0x40 ./Core/MCLIB/SignalReadWrite.o
                0x0000000008000ee4                readVdc
 *fill*         0x0000000008000f24        0x4 
 .text.readCurrent
                0x0000000008000f28      0x10c ./Core/MCLIB/SignalReadWrite.o
                0x0000000008000f28                readCurrent
 .text.readHallSignal
                0x0000000008001034       0x4c ./Core/MCLIB/SignalReadWrite.o
                0x0000000008001034                readHallSignal
 .text.writeOutputMode
                0x0000000008001080       0x84 ./Core/MCLIB/SignalReadWrite.o
                0x0000000008001080                writeOutputMode
 .text.writeDuty
                0x0000000008001104       0x84 ./Core/MCLIB/SignalReadWrite.o
                0x0000000008001104                writeDuty
 .text.calcElectAngle
                0x0000000008001188      0x2c0 ./Core/MCLIB/SixsStep.o
                0x0000000008001188                calcElectAngle
 .text.calcVoltageMode
                0x0000000008001448       0x8c ./Core/MCLIB/SixsStep.o
 .text.calcRotDirFromVoltageMode
                0x00000000080014d4       0x58 ./Core/MCLIB/SixsStep.o
 .text.calcElectAngleFromVoltageMode
                0x000000000800152c       0xb4 ./Core/MCLIB/SixsStep.o
 .text.VectorControlTasks
                0x00000000080015e0      0x2ac ./Core/MCLIB/VectorControl.o
                0x00000000080015e0                VectorControlTasks
 .text.OpenLoopTasks
                0x000000000800188c       0xc0 ./Core/MCLIB/VectorControl.o
                0x000000000800188c                OpenLoopTasks
 .text.uvw2ab   0x000000000800194c       0x90 ./Core/MCLIB/VectorControl.o
 .text.ab2uvw   0x00000000080019dc       0x84 ./Core/MCLIB/VectorControl.o
 .text.ab2dq    0x0000000008001a60       0x84 ./Core/MCLIB/VectorControl.o
 .text.calcAmpFromVect
                0x0000000008001ae4       0x50 ./Core/MCLIB/VectorControl.o
 .text.calcModFromVamp
                0x0000000008001b34       0x40 ./Core/MCLIB/VectorControl.o
 .text.dq2ab    0x0000000008001b74       0x80 ./Core/MCLIB/VectorControl.o
 .text.Vuvw2Duty
                0x0000000008001bf4      0x126 ./Core/MCLIB/VectorControl.o
 *fill*         0x0000000008001d1a        0x2 
 .text.CurrentFbControl
                0x0000000008001d1c      0x1c8 ./Core/MCLIB/VectorControl.o
 .text.main     0x0000000008001ee4       0xd0 ./Core/Src/main.o
                0x0000000008001ee4                main
 .text.SystemClock_Config
                0x0000000008001fb4       0xb4 ./Core/Src/main.o
                0x0000000008001fb4                SystemClock_Config
 .text.MX_ADC1_Init
                0x0000000008002068      0x164 ./Core/Src/main.o
 .text.MX_TIM1_Init
                0x00000000080021cc      0x16c ./Core/Src/main.o
 .text.MX_TIM2_Init
                0x0000000008002338       0xd4 ./Core/Src/main.o
 .text.MX_USART2_UART_Init
                0x000000000800240c       0x60 ./Core/Src/main.o
 .text.MX_DMA_Init
                0x000000000800246c       0x3c ./Core/Src/main.o
 .text.MX_GPIO_Init
                0x00000000080024a8       0xfc ./Core/Src/main.o
 .text.Error_Handler
                0x00000000080025a4        0xa ./Core/Src/main.o
                0x00000000080025a4                Error_Handler
 *fill*         0x00000000080025ae        0x2 
 .text.HAL_MspInit
                0x00000000080025b0       0x48 ./Core/Src/stm32f3xx_hal_msp.o
                0x00000000080025b0                HAL_MspInit
 .text.HAL_ADC_MspInit
                0x00000000080025f8      0x14c ./Core/Src/stm32f3xx_hal_msp.o
                0x00000000080025f8                HAL_ADC_MspInit
 .text.HAL_TIM_PWM_MspInit
                0x0000000008002744       0x40 ./Core/Src/stm32f3xx_hal_msp.o
                0x0000000008002744                HAL_TIM_PWM_MspInit
 .text.HAL_TIM_IC_MspInit
                0x0000000008002784       0xc0 ./Core/Src/stm32f3xx_hal_msp.o
                0x0000000008002784                HAL_TIM_IC_MspInit
 .text.HAL_TIM_MspPostInit
                0x0000000008002844       0xf0 ./Core/Src/stm32f3xx_hal_msp.o
                0x0000000008002844                HAL_TIM_MspPostInit
 .text.HAL_UART_MspInit
                0x0000000008002934       0x84 ./Core/Src/stm32f3xx_hal_msp.o
                0x0000000008002934                HAL_UART_MspInit
 .text.NMI_Handler
                0x00000000080029b8        0x6 ./Core/Src/stm32f3xx_it.o
                0x00000000080029b8                NMI_Handler
 .text.HardFault_Handler
                0x00000000080029be        0x6 ./Core/Src/stm32f3xx_it.o
                0x00000000080029be                HardFault_Handler
 .text.MemManage_Handler
                0x00000000080029c4        0x6 ./Core/Src/stm32f3xx_it.o
                0x00000000080029c4                MemManage_Handler
 .text.BusFault_Handler
                0x00000000080029ca        0x6 ./Core/Src/stm32f3xx_it.o
                0x00000000080029ca                BusFault_Handler
 .text.UsageFault_Handler
                0x00000000080029d0        0x6 ./Core/Src/stm32f3xx_it.o
                0x00000000080029d0                UsageFault_Handler
 .text.SVC_Handler
                0x00000000080029d6        0xe ./Core/Src/stm32f3xx_it.o
                0x00000000080029d6                SVC_Handler
 .text.DebugMon_Handler
                0x00000000080029e4        0xe ./Core/Src/stm32f3xx_it.o
                0x00000000080029e4                DebugMon_Handler
 .text.PendSV_Handler
                0x00000000080029f2        0xe ./Core/Src/stm32f3xx_it.o
                0x00000000080029f2                PendSV_Handler
 .text.SysTick_Handler
                0x0000000008002a00        0xc ./Core/Src/stm32f3xx_it.o
                0x0000000008002a00                SysTick_Handler
 .text.DMA1_Channel1_IRQHandler
                0x0000000008002a0c       0x14 ./Core/Src/stm32f3xx_it.o
                0x0000000008002a0c                DMA1_Channel1_IRQHandler
 .text.ADC1_IRQHandler
                0x0000000008002a20       0x98 ./Core/Src/stm32f3xx_it.o
                0x0000000008002a20                ADC1_IRQHandler
 .text.SystemInit
                0x0000000008002ab8       0x24 ./Core/Src/system_stm32f3xx.o
                0x0000000008002ab8                SystemInit
 .text.Reset_Handler
                0x0000000008002adc       0x50 ./Core/Startup/startup_stm32f302r8tx.o
                0x0000000008002adc                Reset_Handler
 .text.Default_Handler
                0x0000000008002b2c        0x2 ./Core/Startup/startup_stm32f302r8tx.o
                0x0000000008002b2c                RTC_Alarm_IRQHandler
                0x0000000008002b2c                TIM1_CC_IRQHandler
                0x0000000008002b2c                USB_HP_IRQHandler
                0x0000000008002b2c                PVD_IRQHandler
                0x0000000008002b2c                TAMP_STAMP_IRQHandler
                0x0000000008002b2c                EXTI3_IRQHandler
                0x0000000008002b2c                I2C3_ER_IRQHandler
                0x0000000008002b2c                USB_HP_CAN_TX_IRQHandler
                0x0000000008002b2c                EXTI0_IRQHandler
                0x0000000008002b2c                I2C2_EV_IRQHandler
                0x0000000008002b2c                FPU_IRQHandler
                0x0000000008002b2c                TIM1_UP_TIM16_IRQHandler
                0x0000000008002b2c                CAN_SCE_IRQHandler
                0x0000000008002b2c                TIM6_DAC_IRQHandler
                0x0000000008002b2c                DMA1_Channel4_IRQHandler
                0x0000000008002b2c                USART3_IRQHandler
                0x0000000008002b2c                DMA1_Channel7_IRQHandler
                0x0000000008002b2c                CAN_RX1_IRQHandler
                0x0000000008002b2c                I2C1_EV_IRQHandler
                0x0000000008002b2c                DMA1_Channel6_IRQHandler
                0x0000000008002b2c                RCC_IRQHandler
                0x0000000008002b2c                Default_Handler
                0x0000000008002b2c                USBWakeUp_RMP_IRQHandler
                0x0000000008002b2c                EXTI15_10_IRQHandler
                0x0000000008002b2c                COMP2_IRQHandler
                0x0000000008002b2c                I2C3_EV_IRQHandler
                0x0000000008002b2c                EXTI9_5_IRQHandler
                0x0000000008002b2c                RTC_WKUP_IRQHandler
                0x0000000008002b2c                SPI2_IRQHandler
                0x0000000008002b2c                USB_LP_CAN_RX0_IRQHandler
                0x0000000008002b2c                DMA1_Channel5_IRQHandler
                0x0000000008002b2c                USB_LP_IRQHandler
                0x0000000008002b2c                EXTI4_IRQHandler
                0x0000000008002b2c                TIM1_TRG_COM_TIM17_IRQHandler
                0x0000000008002b2c                DMA1_Channel3_IRQHandler
                0x0000000008002b2c                WWDG_IRQHandler
                0x0000000008002b2c                TIM2_IRQHandler
                0x0000000008002b2c                EXTI1_IRQHandler
                0x0000000008002b2c                COMP4_6_IRQHandler
                0x0000000008002b2c                USART2_IRQHandler
                0x0000000008002b2c                I2C2_ER_IRQHandler
                0x0000000008002b2c                DMA1_Channel2_IRQHandler
                0x0000000008002b2c                FLASH_IRQHandler
                0x0000000008002b2c                USART1_IRQHandler
                0x0000000008002b2c                SPI3_IRQHandler
                0x0000000008002b2c                I2C1_ER_IRQHandler
                0x0000000008002b2c                USBWakeUp_IRQHandler
                0x0000000008002b2c                EXTI2_TSC_IRQHandler
                0x0000000008002b2c                TIM1_BRK_TIM15_IRQHandler
 *fill*         0x0000000008002b2e        0x2 
 .text.HAL_Init
                0x0000000008002b30       0x2c ./Drivers/STM32F3xx_HAL_Driver/Src/stm32f3xx_hal.o
                0x0000000008002b30                HAL_Init
 .text.HAL_InitTick
                0x0000000008002b5c       0x60 ./Drivers/STM32F3xx_HAL_Driver/Src/stm32f3xx_hal.o
                0x0000000008002b5c                HAL_InitTick
 .text.HAL_IncTick
                0x0000000008002bbc       0x28 ./Drivers/STM32F3xx_HAL_Driver/Src/stm32f3xx_hal.o
                0x0000000008002bbc                HAL_IncTick
 .text.HAL_GetTick
                0x0000000008002be4       0x18 ./Drivers/STM32F3xx_HAL_Driver/Src/stm32f3xx_hal.o
                0x0000000008002be4                HAL_GetTick
 .text.HAL_ADC_ConvCpltCallback
                0x0000000008002bfc       0x14 ./Drivers/STM32F3xx_HAL_Driver/Src/stm32f3xx_hal_adc.o
                0x0000000008002bfc                HAL_ADC_ConvCpltCallback
 .text.HAL_ADC_ConvHalfCpltCallback
                0x0000000008002c10       0x14 ./Drivers/STM32F3xx_HAL_Driver/Src/stm32f3xx_hal_adc.o
                0x0000000008002c10                HAL_ADC_ConvHalfCpltCallback
 .text.HAL_ADC_LevelOutOfWindowCallback
                0x0000000008002c24       0x14 ./Drivers/STM32F3xx_HAL_Driver/Src/stm32f3xx_hal_adc.o
                0x0000000008002c24                HAL_ADC_LevelOutOfWindowCallback
 .text.HAL_ADC_ErrorCallback
                0x0000000008002c38       0x14 ./Drivers/STM32F3xx_HAL_Driver/Src/stm32f3xx_hal_adc.o
                0x0000000008002c38                HAL_ADC_ErrorCallback
 .text.HAL_ADC_Init
                0x0000000008002c4c      0x30c ./Drivers/STM32F3xx_HAL_Driver/Src/stm32f3xx_hal_adc_ex.o
                0x0000000008002c4c                HAL_ADC_Init
 .text.HAL_ADC_Start_DMA
                0x0000000008002f58      0x138 ./Drivers/STM32F3xx_HAL_Driver/Src/stm32f3xx_hal_adc_ex.o
                0x0000000008002f58                HAL_ADC_Start_DMA
 .text.HAL_ADC_IRQHandler
                0x0000000008003090      0x344 ./Drivers/STM32F3xx_HAL_Driver/Src/stm32f3xx_hal_adc_ex.o
                0x0000000008003090                HAL_ADC_IRQHandler
 .text.HAL_ADCEx_InjectedStart_IT
                0x00000000080033d4      0x114 ./Drivers/STM32F3xx_HAL_Driver/Src/stm32f3xx_hal_adc_ex.o
                0x00000000080033d4                HAL_ADCEx_InjectedStart_IT
 .text.HAL_ADCEx_InjectedConvCpltCallback
                0x00000000080034e8       0x14 ./Drivers/STM32F3xx_HAL_Driver/Src/stm32f3xx_hal_adc_ex.o
                0x00000000080034e8                HAL_ADCEx_InjectedConvCpltCallback
 .text.HAL_ADCEx_InjectedQueueOverflowCallback
                0x00000000080034fc       0x14 ./Drivers/STM32F3xx_HAL_Driver/Src/stm32f3xx_hal_adc_ex.o
                0x00000000080034fc                HAL_ADCEx_InjectedQueueOverflowCallback
 .text.HAL_ADCEx_LevelOutOfWindow2Callback
                0x0000000008003510       0x14 ./Drivers/STM32F3xx_HAL_Driver/Src/stm32f3xx_hal_adc_ex.o
                0x0000000008003510                HAL_ADCEx_LevelOutOfWindow2Callback
 .text.HAL_ADCEx_LevelOutOfWindow3Callback
                0x0000000008003524       0x14 ./Drivers/STM32F3xx_HAL_Driver/Src/stm32f3xx_hal_adc_ex.o
                0x0000000008003524                HAL_ADCEx_LevelOutOfWindow3Callback
 .text.HAL_ADC_ConfigChannel
                0x0000000008003538      0x564 ./Drivers/STM32F3xx_HAL_Driver/Src/stm32f3xx_hal_adc_ex.o
                0x0000000008003538                HAL_ADC_ConfigChannel
 .text.HAL_ADCEx_InjectedConfigChannel
                0x0000000008003a9c      0x61c ./Drivers/STM32F3xx_HAL_Driver/Src/stm32f3xx_hal_adc_ex.o
                0x0000000008003a9c                HAL_ADCEx_InjectedConfigChannel
 .text.ADC_DMAConvCplt
                0x00000000080040b8       0x7a ./Drivers/STM32F3xx_HAL_Driver/Src/stm32f3xx_hal_adc_ex.o
 .text.ADC_DMAHalfConvCplt
                0x0000000008004132       0x1c ./Drivers/STM32F3xx_HAL_Driver/Src/stm32f3xx_hal_adc_ex.o
 .text.ADC_DMAError
                0x000000000800414e       0x34 ./Drivers/STM32F3xx_HAL_Driver/Src/stm32f3xx_hal_adc_ex.o
 *fill*         0x0000000008004182        0x2 
 .text.ADC_Enable
                0x0000000008004184       0xc8 ./Drivers/STM32F3xx_HAL_Driver/Src/stm32f3xx_hal_adc_ex.o
 .text.ADC_Disable
                0x000000000800424c       0xcc ./Drivers/STM32F3xx_HAL_Driver/Src/stm32f3xx_hal_adc_ex.o
 .text.__NVIC_SetPriorityGrouping
                0x0000000008004318       0x48 ./Drivers/STM32F3xx_HAL_Driver/Src/stm32f3xx_hal_cortex.o
 .text.__NVIC_GetPriorityGrouping
                0x0000000008004360       0x1c ./Drivers/STM32F3xx_HAL_Driver/Src/stm32f3xx_hal_cortex.o
 .text.__NVIC_EnableIRQ
                0x000000000800437c       0x3c ./Drivers/STM32F3xx_HAL_Driver/Src/stm32f3xx_hal_cortex.o
 .text.__NVIC_SetPriority
                0x00000000080043b8       0x54 ./Drivers/STM32F3xx_HAL_Driver/Src/stm32f3xx_hal_cortex.o
 .text.NVIC_EncodePriority
                0x000000000800440c       0x66 ./Drivers/STM32F3xx_HAL_Driver/Src/stm32f3xx_hal_cortex.o
 *fill*         0x0000000008004472        0x2 
 .text.SysTick_Config
                0x0000000008004474       0x44 ./Drivers/STM32F3xx_HAL_Driver/Src/stm32f3xx_hal_cortex.o
 .text.HAL_NVIC_SetPriorityGrouping
                0x00000000080044b8       0x16 ./Drivers/STM32F3xx_HAL_Driver/Src/stm32f3xx_hal_cortex.o
                0x00000000080044b8                HAL_NVIC_SetPriorityGrouping
 .text.HAL_NVIC_SetPriority
                0x00000000080044ce       0x38 ./Drivers/STM32F3xx_HAL_Driver/Src/stm32f3xx_hal_cortex.o
                0x00000000080044ce                HAL_NVIC_SetPriority
 .text.HAL_NVIC_EnableIRQ
                0x0000000008004506       0x1c ./Drivers/STM32F3xx_HAL_Driver/Src/stm32f3xx_hal_cortex.o
                0x0000000008004506                HAL_NVIC_EnableIRQ
 .text.HAL_SYSTICK_Config
                0x0000000008004522       0x18 ./Drivers/STM32F3xx_HAL_Driver/Src/stm32f3xx_hal_cortex.o
                0x0000000008004522                HAL_SYSTICK_Config
 .text.HAL_DMA_Init
                0x000000000800453a       0x8e ./Drivers/STM32F3xx_HAL_Driver/Src/stm32f3xx_hal_dma.o
                0x000000000800453a                HAL_DMA_Init
 .text.HAL_DMA_Start_IT
                0x00000000080045c8       0xbe ./Drivers/STM32F3xx_HAL_Driver/Src/stm32f3xx_hal_dma.o
                0x00000000080045c8                HAL_DMA_Start_IT
 .text.HAL_DMA_IRQHandler
                0x0000000008004686      0x146 ./Drivers/STM32F3xx_HAL_Driver/Src/stm32f3xx_hal_dma.o
                0x0000000008004686                HAL_DMA_IRQHandler
 .text.DMA_SetConfig
                0x00000000080047cc       0x5c ./Drivers/STM32F3xx_HAL_Driver/Src/stm32f3xx_hal_dma.o
 .text.DMA_CalcBaseAndBitshift
                0x0000000008004828       0x40 ./Drivers/STM32F3xx_HAL_Driver/Src/stm32f3xx_hal_dma.o
 .text.HAL_GPIO_Init
                0x0000000008004868      0x2e4 ./Drivers/STM32F3xx_HAL_Driver/Src/stm32f3xx_hal_gpio.o
                0x0000000008004868                HAL_GPIO_Init
 .text.HAL_GPIO_ReadPin
                0x0000000008004b4c       0x30 ./Drivers/STM32F3xx_HAL_Driver/Src/stm32f3xx_hal_gpio.o
                0x0000000008004b4c                HAL_GPIO_ReadPin
 .text.HAL_GPIO_WritePin
                0x0000000008004b7c       0x30 ./Drivers/STM32F3xx_HAL_Driver/Src/stm32f3xx_hal_gpio.o
                0x0000000008004b7c                HAL_GPIO_WritePin
 .text.HAL_GPIO_TogglePin
                0x0000000008004bac       0x34 ./Drivers/STM32F3xx_HAL_Driver/Src/stm32f3xx_hal_gpio.o
                0x0000000008004bac                HAL_GPIO_TogglePin
 .text.HAL_RCC_OscConfig
                0x0000000008004be0     0x107c ./Drivers/STM32F3xx_HAL_Driver/Src/stm32f3xx_hal_rcc.o
                0x0000000008004be0                HAL_RCC_OscConfig
 .text.HAL_RCC_ClockConfig
                0x0000000008005c5c      0x2f8 ./Drivers/STM32F3xx_HAL_Driver/Src/stm32f3xx_hal_rcc.o
                0x0000000008005c5c                HAL_RCC_ClockConfig
 .text.HAL_RCC_GetSysClockFreq
                0x0000000008005f54       0xd4 ./Drivers/STM32F3xx_HAL_Driver/Src/stm32f3xx_hal_rcc.o
                0x0000000008005f54                HAL_RCC_GetSysClockFreq
 .text.HAL_RCC_GetHCLKFreq
                0x0000000008006028       0x18 ./Drivers/STM32F3xx_HAL_Driver/Src/stm32f3xx_hal_rcc.o
                0x0000000008006028                HAL_RCC_GetHCLKFreq
 .text.HAL_RCC_GetPCLK1Freq
                0x0000000008006040       0x44 ./Drivers/STM32F3xx_HAL_Driver/Src/stm32f3xx_hal_rcc.o
                0x0000000008006040                HAL_RCC_GetPCLK1Freq
 .text.HAL_RCC_GetPCLK2Freq
                0x0000000008006084       0x44 ./Drivers/STM32F3xx_HAL_Driver/Src/stm32f3xx_hal_rcc.o
                0x0000000008006084                HAL_RCC_GetPCLK2Freq
 .text.HAL_RCCEx_PeriphCLKConfig
                0x00000000080060c8      0x324 ./Drivers/STM32F3xx_HAL_Driver/Src/stm32f3xx_hal_rcc_ex.o
                0x00000000080060c8                HAL_RCCEx_PeriphCLKConfig
 .text.HAL_TIM_Base_Start_IT
                0x00000000080063ec       0xa8 ./Drivers/STM32F3xx_HAL_Driver/Src/stm32f3xx_hal_tim.o
                0x00000000080063ec                HAL_TIM_Base_Start_IT
 .text.HAL_TIM_PWM_Init
                0x0000000008006494       0xae ./Drivers/STM32F3xx_HAL_Driver/Src/stm32f3xx_hal_tim.o
                0x0000000008006494                HAL_TIM_PWM_Init
 *fill*         0x0000000008006542        0x2 
 .text.HAL_TIM_PWM_Start
                0x0000000008006544      0x1cc ./Drivers/STM32F3xx_HAL_Driver/Src/stm32f3xx_hal_tim.o
                0x0000000008006544                HAL_TIM_PWM_Start
 .text.HAL_TIM_IC_Init
                0x0000000008006710       0xae ./Drivers/STM32F3xx_HAL_Driver/Src/stm32f3xx_hal_tim.o
                0x0000000008006710                HAL_TIM_IC_Init
 *fill*         0x00000000080067be        0x2 
 .text.HAL_TIM_IC_Start_IT
                0x00000000080067c0      0x25c ./Drivers/STM32F3xx_HAL_Driver/Src/stm32f3xx_hal_tim.o
                0x00000000080067c0                HAL_TIM_IC_Start_IT
 .text.HAL_TIM_IC_ConfigChannel
                0x0000000008006a1c      0x138 ./Drivers/STM32F3xx_HAL_Driver/Src/stm32f3xx_hal_tim.o
                0x0000000008006a1c                HAL_TIM_IC_ConfigChannel
 .text.HAL_TIM_PWM_ConfigChannel
                0x0000000008006b54      0x228 ./Drivers/STM32F3xx_HAL_Driver/Src/stm32f3xx_hal_tim.o
                0x0000000008006b54                HAL_TIM_PWM_ConfigChannel
 .text.TIM_Base_SetConfig
                0x0000000008006d7c       0xdc ./Drivers/STM32F3xx_HAL_Driver/Src/stm32f3xx_hal_tim.o
                0x0000000008006d7c                TIM_Base_SetConfig
 .text.TIM_OC1_SetConfig
                0x0000000008006e58      0x10c ./Drivers/STM32F3xx_HAL_Driver/Src/stm32f3xx_hal_tim.o
 .text.TIM_OC2_SetConfig
                0x0000000008006f64      0x100 ./Drivers/STM32F3xx_HAL_Driver/Src/stm32f3xx_hal_tim.o
                0x0000000008006f64                TIM_OC2_SetConfig
 .text.TIM_OC3_SetConfig
                0x0000000008007064       0xfc ./Drivers/STM32F3xx_HAL_Driver/Src/stm32f3xx_hal_tim.o
 .text.TIM_OC4_SetConfig
                0x0000000008007160       0xc8 ./Drivers/STM32F3xx_HAL_Driver/Src/stm32f3xx_hal_tim.o
 .text.TIM_OC5_SetConfig
                0x0000000008007228       0xbc ./Drivers/STM32F3xx_HAL_Driver/Src/stm32f3xx_hal_tim.o
 .text.TIM_OC6_SetConfig
                0x00000000080072e4       0xc0 ./Drivers/STM32F3xx_HAL_Driver/Src/stm32f3xx_hal_tim.o
 .text.TIM_TI1_SetConfig
                0x00000000080073a4       0xac ./Drivers/STM32F3xx_HAL_Driver/Src/stm32f3xx_hal_tim.o
                0x00000000080073a4                TIM_TI1_SetConfig
 .text.TIM_TI2_SetConfig
                0x0000000008007450       0x7a ./Drivers/STM32F3xx_HAL_Driver/Src/stm32f3xx_hal_tim.o
 .text.TIM_TI3_SetConfig
                0x00000000080074ca       0x78 ./Drivers/STM32F3xx_HAL_Driver/Src/stm32f3xx_hal_tim.o
 .text.TIM_TI4_SetConfig
                0x0000000008007542       0x7a ./Drivers/STM32F3xx_HAL_Driver/Src/stm32f3xx_hal_tim.o
 .text.TIM_CCxChannelCmd
                0x00000000080075bc       0x4a ./Drivers/STM32F3xx_HAL_Driver/Src/stm32f3xx_hal_tim.o
                0x00000000080075bc                TIM_CCxChannelCmd
 *fill*         0x0000000008007606        0x2 
 .text.HAL_TIMEx_PWMN_Start
                0x0000000008007608      0x13c ./Drivers/STM32F3xx_HAL_Driver/Src/stm32f3xx_hal_tim_ex.o
                0x0000000008007608                HAL_TIMEx_PWMN_Start
 .text.HAL_TIMEx_MasterConfigSynchronization
                0x0000000008007744       0xcc ./Drivers/STM32F3xx_HAL_Driver/Src/stm32f3xx_hal_tim_ex.o
                0x0000000008007744                HAL_TIMEx_MasterConfigSynchronization
 .text.HAL_TIMEx_ConfigBreakDeadTime
                0x0000000008007810       0xf0 ./Drivers/STM32F3xx_HAL_Driver/Src/stm32f3xx_hal_tim_ex.o
                0x0000000008007810                HAL_TIMEx_ConfigBreakDeadTime
 .text.TIM_CCxNChannelCmd
                0x0000000008007900       0x4a ./Drivers/STM32F3xx_HAL_Driver/Src/stm32f3xx_hal_tim_ex.o
 .text.HAL_UART_Init
                0x000000000800794a       0x9c ./Drivers/STM32F3xx_HAL_Driver/Src/stm32f3xx_hal_uart.o
                0x000000000800794a                HAL_UART_Init
 *fill*         0x00000000080079e6        0x2 
 .text.UART_SetConfig
                0x00000000080079e8      0x26c ./Drivers/STM32F3xx_HAL_Driver/Src/stm32f3xx_hal_uart.o
                0x00000000080079e8                UART_SetConfig
 .text.UART_AdvFeatureConfig
                0x0000000008007c54      0x144 ./Drivers/STM32F3xx_HAL_Driver/Src/stm32f3xx_hal_uart.o
                0x0000000008007c54                UART_AdvFeatureConfig
 .text.UART_CheckIdleState
                0x0000000008007d98      0x150 ./Drivers/STM32F3xx_HAL_Driver/Src/stm32f3xx_hal_uart.o
                0x0000000008007d98                UART_CheckIdleState
 .text.UART_WaitOnFlagUntilTimeout
                0x0000000008007ee8       0xce ./Drivers/STM32F3xx_HAL_Driver/Src/stm32f3xx_hal_uart.o
                0x0000000008007ee8                UART_WaitOnFlagUntilTimeout
 .text.UART_EndRxTransfer
                0x0000000008007fb6       0xc8 ./Drivers/STM32F3xx_HAL_Driver/Src/stm32f3xx_hal_uart.o
 .text.memset   0x000000000800807e       0x10 C:/ST/STM32CubeIDE_1.12.1/STM32CubeIDE/plugins/com.st.stm32cube.ide.mcu.externaltools.gnu-tools-for-stm32.11.3.rel1.win32_1.1.0.202305231506/tools/bin/../lib/gcc/arm-none-eabi/11.3.1/../../../../arm-none-eabi/lib/thumb/v7e-m+fp/hard\libc_nano.a(libc_a-memset.o)
                0x000000000800807e                memset
 *fill*         0x000000000800808e        0x2 
 .text.__errno  0x0000000008008090        0xc C:/ST/STM32CubeIDE_1.12.1/STM32CubeIDE/plugins/com.st.stm32cube.ide.mcu.externaltools.gnu-tools-for-stm32.11.3.rel1.win32_1.1.0.202305231506/tools/bin/../lib/gcc/arm-none-eabi/11.3.1/../../../../arm-none-eabi/lib/thumb/v7e-m+fp/hard\libc_nano.a(libc_a-errno.o)
                0x0000000008008090                __errno
 .text.__libc_init_array
                0x000000000800809c       0x48 C:/ST/STM32CubeIDE_1.12.1/STM32CubeIDE/plugins/com.st.stm32cube.ide.mcu.externaltools.gnu-tools-for-stm32.11.3.rel1.win32_1.1.0.202305231506/tools/bin/../lib/gcc/arm-none-eabi/11.3.1/../../../../arm-none-eabi/lib/thumb/v7e-m+fp/hard\libc_nano.a(libc_a-init.o)
                0x000000000800809c                __libc_init_array
 .text.atan2f   0x00000000080080e4        0x4 C:/ST/STM32CubeIDE_1.12.1/STM32CubeIDE/plugins/com.st.stm32cube.ide.mcu.externaltools.gnu-tools-for-stm32.11.3.rel1.win32_1.1.0.202305231506/tools/bin/../lib/gcc/arm-none-eabi/11.3.1/../../../../arm-none-eabi/lib/thumb/v7e-m+fp/hard\libm.a(libm_a-wf_atan2.o)
                0x00000000080080e4                atan2f
 .text.fmodf    0x00000000080080e8       0x40 C:/ST/STM32CubeIDE_1.12.1/STM32CubeIDE/plugins/com.st.stm32cube.ide.mcu.externaltools.gnu-tools-for-stm32.11.3.rel1.win32_1.1.0.202305231506/tools/bin/../lib/gcc/arm-none-eabi/11.3.1/../../../../arm-none-eabi/lib/thumb/v7e-m+fp/hard\libm.a(libm_a-wf_fmod.o)
                0x00000000080080e8                fmodf
 .text.sqrtf    0x0000000008008128       0x3c C:/ST/STM32CubeIDE_1.12.1/STM32CubeIDE/plugins/com.st.stm32cube.ide.mcu.externaltools.gnu-tools-for-stm32.11.3.rel1.win32_1.1.0.202305231506/tools/bin/../lib/gcc/arm-none-eabi/11.3.1/../../../../arm-none-eabi/lib/thumb/v7e-m+fp/hard\libm.a(libm_a-wf_sqrt.o)
                0x0000000008008128                sqrtf
 .text.cosf     0x0000000008008164       0x88 C:/ST/STM32CubeIDE_1.12.1/STM32CubeIDE/plugins/com.st.stm32cube.ide.mcu.externaltools.gnu-tools-for-stm32.11.3.rel1.win32_1.1.0.202305231506/tools/bin/../lib/gcc/arm-none-eabi/11.3.1/../../../../arm-none-eabi/lib/thumb/v7e-m+fp/hard\libm.a(libm_a-sf_cos.o)
                0x0000000008008164                cosf
 .text.sinf     0x00000000080081ec       0x8c C:/ST/STM32CubeIDE_1.12.1/STM32CubeIDE/plugins/com.st.stm32cube.ide.mcu.externaltools.gnu-tools-for-stm32.11.3.rel1.win32_1.1.0.202305231506/tools/bin/../lib/gcc/arm-none-eabi/11.3.1/../../../../arm-none-eabi/lib/thumb/v7e-m+fp/hard\libm.a(libm_a-sf_sin.o)
                0x00000000080081ec                sinf
 .text.__ieee754_sqrtf
                0x0000000008008278        0x6 C:/ST/STM32CubeIDE_1.12.1/STM32CubeIDE/plugins/com.st.stm32cube.ide.mcu.externaltools.gnu-tools-for-stm32.11.3.rel1.win32_1.1.0.202305231506/tools/bin/../lib/gcc/arm-none-eabi/11.3.1/../../../../arm-none-eabi/lib/thumb/v7e-m+fp/hard\libm.a(libm_a-ef_sqrt.o)
                0x0000000008008278                __ieee754_sqrtf
 *fill*         0x000000000800827e        0x2 
 .text.__kernel_cosf
                0x0000000008008280       0xbc C:/ST/STM32CubeIDE_1.12.1/STM32CubeIDE/plugins/com.st.stm32cube.ide.mcu.externaltools.gnu-tools-for-stm32.11.3.rel1.win32_1.1.0.202305231506/tools/bin/../lib/gcc/arm-none-eabi/11.3.1/../../../../arm-none-eabi/lib/thumb/v7e-m+fp/hard\libm.a(libm_a-kf_cos.o)
                0x0000000008008280                __kernel_cosf
 .text.__kernel_sinf
                0x000000000800833c       0x90 C:/ST/STM32CubeIDE_1.12.1/STM32CubeIDE/plugins/com.st.stm32cube.ide.mcu.externaltools.gnu-tools-for-stm32.11.3.rel1.win32_1.1.0.202305231506/tools/bin/../lib/gcc/arm-none-eabi/11.3.1/../../../../arm-none-eabi/lib/thumb/v7e-m+fp/hard\libm.a(libm_a-kf_sin.o)
                0x000000000800833c                __kernel_sinf
 .text.__ieee754_atan2f
                0x00000000080083cc      0x140 C:/ST/STM32CubeIDE_1.12.1/STM32CubeIDE/plugins/com.st.stm32cube.ide.mcu.externaltools.gnu-tools-for-stm32.11.3.rel1.win32_1.1.0.202305231506/tools/bin/../lib/gcc/arm-none-eabi/11.3.1/../../../../arm-none-eabi/lib/thumb/v7e-m+fp/hard\libm.a(libm_a-ef_atan2.o)
                0x00000000080083cc                __ieee754_atan2f
 .text.__ieee754_fmodf
                0x000000000800850c      0x104 C:/ST/STM32CubeIDE_1.12.1/STM32CubeIDE/plugins/com.st.stm32cube.ide.mcu.externaltools.gnu-tools-for-stm32.11.3.rel1.win32_1.1.0.202305231506/tools/bin/../lib/gcc/arm-none-eabi/11.3.1/../../../../arm-none-eabi/lib/thumb/v7e-m+fp/hard\libm.a(libm_a-ef_fmod.o)
                0x000000000800850c                __ieee754_fmodf
 .text.__ieee754_rem_pio2f
                0x0000000008008610      0x258 C:/ST/STM32CubeIDE_1.12.1/STM32CubeIDE/plugins/com.st.stm32cube.ide.mcu.externaltools.gnu-tools-for-stm32.11.3.rel1.win32_1.1.0.202305231506/tools/bin/../lib/gcc/arm-none-eabi/11.3.1/../../../../arm-none-eabi/lib/thumb/v7e-m+fp/hard\libm.a(libm_a-ef_rem_pio2.o)
                0x0000000008008610                __ieee754_rem_pio2f
 .text.atanf    0x0000000008008868      0x1a8 C:/ST/STM32CubeIDE_1.12.1/STM32CubeIDE/plugins/com.st.stm32cube.ide.mcu.externaltools.gnu-tools-for-stm32.11.3.rel1.win32_1.1.0.202305231506/tools/bin/../lib/gcc/arm-none-eabi/11.3.1/../../../../arm-none-eabi/lib/thumb/v7e-m+fp/hard\libm.a(libm_a-sf_atan.o)
                0x0000000008008868                atanf
 .text.fabsf    0x0000000008008a10        0xe C:/ST/STM32CubeIDE_1.12.1/STM32CubeIDE/plugins/com.st.stm32cube.ide.mcu.externaltools.gnu-tools-for-stm32.11.3.rel1.win32_1.1.0.202305231506/tools/bin/../lib/gcc/arm-none-eabi/11.3.1/../../../../arm-none-eabi/lib/thumb/v7e-m+fp/hard\libm.a(libm_a-sf_fabs.o)
                0x0000000008008a10                fabsf
 *fill*         0x0000000008008a1e        0x2 
 .text.__kernel_rem_pio2f
                0x0000000008008a20      0x4e4 C:/ST/STM32CubeIDE_1.12.1/STM32CubeIDE/plugins/com.st.stm32cube.ide.mcu.externaltools.gnu-tools-for-stm32.11.3.rel1.win32_1.1.0.202305231506/tools/bin/../lib/gcc/arm-none-eabi/11.3.1/../../../../arm-none-eabi/lib/thumb/v7e-m+fp/hard\libm.a(libm_a-kf_rem_pio2.o)
                0x0000000008008a20                __kernel_rem_pio2f
 .text.scalbnf  0x0000000008008f04       0xcc C:/ST/STM32CubeIDE_1.12.1/STM32CubeIDE/plugins/com.st.stm32cube.ide.mcu.externaltools.gnu-tools-for-stm32.11.3.rel1.win32_1.1.0.202305231506/tools/bin/../lib/gcc/arm-none-eabi/11.3.1/../../../../arm-none-eabi/lib/thumb/v7e-m+fp/hard\libm.a(libm_a-sf_scalbn.o)
                0x0000000008008f04                scalbnf
 .text.floorf   0x0000000008008fd0       0x84 C:/ST/STM32CubeIDE_1.12.1/STM32CubeIDE/plugins/com.st.stm32cube.ide.mcu.externaltools.gnu-tools-for-stm32.11.3.rel1.win32_1.1.0.202305231506/tools/bin/../lib/gcc/arm-none-eabi/11.3.1/../../../../arm-none-eabi/lib/thumb/v7e-m+fp/hard\libm.a(libm_a-sf_floor.o)
                0x0000000008008fd0                floorf
 *(.glue_7)
 .glue_7        0x0000000008009054        0x0 linker stubs
 *(.glue_7t)
 .glue_7t       0x0000000008009054        0x0 linker stubs
 *(.eh_frame)
 .eh_frame      0x0000000008009054        0x0 C:/ST/STM32CubeIDE_1.12.1/STM32CubeIDE/plugins/com.st.stm32cube.ide.mcu.externaltools.gnu-tools-for-stm32.11.3.rel1.win32_1.1.0.202305231506/tools/bin/../lib/gcc/arm-none-eabi/11.3.1/thumb/v7e-m+fp/hard/crtbegin.o
 *(.init)
 .init          0x0000000008009054        0x4 C:/ST/STM32CubeIDE_1.12.1/STM32CubeIDE/plugins/com.st.stm32cube.ide.mcu.externaltools.gnu-tools-for-stm32.11.3.rel1.win32_1.1.0.202305231506/tools/bin/../lib/gcc/arm-none-eabi/11.3.1/thumb/v7e-m+fp/hard/crti.o
                0x0000000008009054                _init
 .init          0x0000000008009058        0x8 C:/ST/STM32CubeIDE_1.12.1/STM32CubeIDE/plugins/com.st.stm32cube.ide.mcu.externaltools.gnu-tools-for-stm32.11.3.rel1.win32_1.1.0.202305231506/tools/bin/../lib/gcc/arm-none-eabi/11.3.1/thumb/v7e-m+fp/hard/crtn.o
 *(.fini)
 .fini          0x0000000008009060        0x4 C:/ST/STM32CubeIDE_1.12.1/STM32CubeIDE/plugins/com.st.stm32cube.ide.mcu.externaltools.gnu-tools-for-stm32.11.3.rel1.win32_1.1.0.202305231506/tools/bin/../lib/gcc/arm-none-eabi/11.3.1/thumb/v7e-m+fp/hard/crti.o
                0x0000000008009060                _fini
 .fini          0x0000000008009064        0x8 C:/ST/STM32CubeIDE_1.12.1/STM32CubeIDE/plugins/com.st.stm32cube.ide.mcu.externaltools.gnu-tools-for-stm32.11.3.rel1.win32_1.1.0.202305231506/tools/bin/../lib/gcc/arm-none-eabi/11.3.1/thumb/v7e-m+fp/hard/crtn.o
                0x000000000800906c                . = ALIGN (0x4)
                0x000000000800906c                _etext = .

.vfp11_veneer   0x000000000800906c        0x0
 .vfp11_veneer  0x000000000800906c        0x0 linker stubs

.v4_bx          0x000000000800906c        0x0
 .v4_bx         0x000000000800906c        0x0 linker stubs

.iplt           0x000000000800906c        0x0
 .iplt          0x000000000800906c        0x0 C:/ST/STM32CubeIDE_1.12.1/STM32CubeIDE/plugins/com.st.stm32cube.ide.mcu.externaltools.gnu-tools-for-stm32.11.3.rel1.win32_1.1.0.202305231506/tools/bin/../lib/gcc/arm-none-eabi/11.3.1/thumb/v7e-m+fp/hard/crtbegin.o

.rodata         0x000000000800906c      0x448
                0x000000000800906c                . = ALIGN (0x4)
 *(.rodata)
 *(.rodata*)
 .rodata.AHBPrescTable
                0x000000000800906c       0x10 ./Core/Src/system_stm32f3xx.o
                0x000000000800906c                AHBPrescTable
 .rodata.APBPrescTable
                0x000000000800907c        0x8 ./Core/Src/system_stm32f3xx.o
                0x000000000800907c                APBPrescTable
 .rodata.aPLLMULFactorTable
                0x0000000008009084       0x10 ./Drivers/STM32F3xx_HAL_Driver/Src/stm32f3xx_hal_rcc.o
 .rodata.aPredivFactorTable
                0x0000000008009094       0x10 ./Drivers/STM32F3xx_HAL_Driver/Src/stm32f3xx_hal_rcc.o
 .rodata.CSWTCH.8
                0x00000000080090a4        0xc C:/ST/STM32CubeIDE_1.12.1/STM32CubeIDE/plugins/com.st.stm32cube.ide.mcu.externaltools.gnu-tools-for-stm32.11.3.rel1.win32_1.1.0.202305231506/tools/bin/../lib/gcc/arm-none-eabi/11.3.1/../../../../arm-none-eabi/lib/thumb/v7e-m+fp/hard\libm.a(libm_a-ef_atan2.o)
 .rodata.CSWTCH.9
                0x00000000080090b0        0xc C:/ST/STM32CubeIDE_1.12.1/STM32CubeIDE/plugins/com.st.stm32cube.ide.mcu.externaltools.gnu-tools-for-stm32.11.3.rel1.win32_1.1.0.202305231506/tools/bin/../lib/gcc/arm-none-eabi/11.3.1/../../../../arm-none-eabi/lib/thumb/v7e-m+fp/hard\libm.a(libm_a-ef_atan2.o)
 .rodata.Zero   0x00000000080090bc        0x8 C:/ST/STM32CubeIDE_1.12.1/STM32CubeIDE/plugins/com.st.stm32cube.ide.mcu.externaltools.gnu-tools-for-stm32.11.3.rel1.win32_1.1.0.202305231506/tools/bin/../lib/gcc/arm-none-eabi/11.3.1/../../../../arm-none-eabi/lib/thumb/v7e-m+fp/hard\libm.a(libm_a-ef_fmod.o)
 .rodata.npio2_hw
                0x00000000080090c4       0x80 C:/ST/STM32CubeIDE_1.12.1/STM32CubeIDE/plugins/com.st.stm32cube.ide.mcu.externaltools.gnu-tools-for-stm32.11.3.rel1.win32_1.1.0.202305231506/tools/bin/../lib/gcc/arm-none-eabi/11.3.1/../../../../arm-none-eabi/lib/thumb/v7e-m+fp/hard\libm.a(libm_a-ef_rem_pio2.o)
 .rodata.two_over_pi
                0x0000000008009144      0x318 C:/ST/STM32CubeIDE_1.12.1/STM32CubeIDE/plugins/com.st.stm32cube.ide.mcu.externaltools.gnu-tools-for-stm32.11.3.rel1.win32_1.1.0.202305231506/tools/bin/../lib/gcc/arm-none-eabi/11.3.1/../../../../arm-none-eabi/lib/thumb/v7e-m+fp/hard\libm.a(libm_a-ef_rem_pio2.o)
 .rodata.atanhi
                0x000000000800945c       0x10 C:/ST/STM32CubeIDE_1.12.1/STM32CubeIDE/plugins/com.st.stm32cube.ide.mcu.externaltools.gnu-tools-for-stm32.11.3.rel1.win32_1.1.0.202305231506/tools/bin/../lib/gcc/arm-none-eabi/11.3.1/../../../../arm-none-eabi/lib/thumb/v7e-m+fp/hard\libm.a(libm_a-sf_atan.o)
 .rodata.atanlo
                0x000000000800946c       0x10 C:/ST/STM32CubeIDE_1.12.1/STM32CubeIDE/plugins/com.st.stm32cube.ide.mcu.externaltools.gnu-tools-for-stm32.11.3.rel1.win32_1.1.0.202305231506/tools/bin/../lib/gcc/arm-none-eabi/11.3.1/../../../../arm-none-eabi/lib/thumb/v7e-m+fp/hard\libm.a(libm_a-sf_atan.o)
 .rodata.PIo2   0x000000000800947c       0x2c C:/ST/STM32CubeIDE_1.12.1/STM32CubeIDE/plugins/com.st.stm32cube.ide.mcu.externaltools.gnu-tools-for-stm32.11.3.rel1.win32_1.1.0.202305231506/tools/bin/../lib/gcc/arm-none-eabi/11.3.1/../../../../arm-none-eabi/lib/thumb/v7e-m+fp/hard\libm.a(libm_a-kf_rem_pio2.o)
 .rodata.init_jk
                0x00000000080094a8        0xc C:/ST/STM32CubeIDE_1.12.1/STM32CubeIDE/plugins/com.st.stm32cube.ide.mcu.externaltools.gnu-tools-for-stm32.11.3.rel1.win32_1.1.0.202305231506/tools/bin/../lib/gcc/arm-none-eabi/11.3.1/../../../../arm-none-eabi/lib/thumb/v7e-m+fp/hard\libm.a(libm_a-kf_rem_pio2.o)
                0x00000000080094b4                . = ALIGN (0x4)

.rel.dyn        0x00000000080094b4        0x0
 .rel.iplt      0x00000000080094b4        0x0 C:/ST/STM32CubeIDE_1.12.1/STM32CubeIDE/plugins/com.st.stm32cube.ide.mcu.externaltools.gnu-tools-for-stm32.11.3.rel1.win32_1.1.0.202305231506/tools/bin/../lib/gcc/arm-none-eabi/11.3.1/thumb/v7e-m+fp/hard/crtbegin.o

.ARM.extab      0x00000000080094b4        0x0
                0x00000000080094b4                . = ALIGN (0x4)
 *(.ARM.extab* .gnu.linkonce.armextab.*)
                0x00000000080094b4                . = ALIGN (0x4)

.ARM            0x00000000080094b4        0x0
                0x00000000080094b4                . = ALIGN (0x4)
                0x00000000080094b4                __exidx_start = .
 *(.ARM.exidx*)
                0x00000000080094b4                __exidx_end = .
                0x00000000080094b4                . = ALIGN (0x4)

.preinit_array  0x00000000080094b4        0x0
                0x00000000080094b4                . = ALIGN (0x4)
                0x00000000080094b4                PROVIDE (__preinit_array_start = .)
 *(.preinit_array*)
                0x00000000080094b4                PROVIDE (__preinit_array_end = .)
                0x00000000080094b4                . = ALIGN (0x4)

.init_array     0x00000000080094b4        0x4
                0x00000000080094b4                . = ALIGN (0x4)
                0x00000000080094b4                PROVIDE (__init_array_start = .)
 *(SORT_BY_NAME(.init_array.*))
 *(.init_array*)
 .init_array    0x00000000080094b4        0x4 C:/ST/STM32CubeIDE_1.12.1/STM32CubeIDE/plugins/com.st.stm32cube.ide.mcu.externaltools.gnu-tools-for-stm32.11.3.rel1.win32_1.1.0.202305231506/tools/bin/../lib/gcc/arm-none-eabi/11.3.1/thumb/v7e-m+fp/hard/crtbegin.o
                0x00000000080094b8                PROVIDE (__init_array_end = .)
                0x00000000080094b8                . = ALIGN (0x4)

.fini_array     0x00000000080094b8        0x4
                0x00000000080094b8                . = ALIGN (0x4)
                [!provide]                        PROVIDE (__fini_array_start = .)
 *(SORT_BY_NAME(.fini_array.*))
 *(.fini_array*)
 .fini_array    0x00000000080094b8        0x4 C:/ST/STM32CubeIDE_1.12.1/STM32CubeIDE/plugins/com.st.stm32cube.ide.mcu.externaltools.gnu-tools-for-stm32.11.3.rel1.win32_1.1.0.202305231506/tools/bin/../lib/gcc/arm-none-eabi/11.3.1/thumb/v7e-m+fp/hard/crtbegin.o
                [!provide]                        PROVIDE (__fini_array_end = .)
                0x00000000080094bc                . = ALIGN (0x4)
                0x00000000080094bc                _sidata = LOADADDR (.data)

.data           0x0000000020000000       0x5c load address 0x00000000080094bc
                0x0000000020000000                . = ALIGN (0x4)
                0x0000000020000000                _sdata = .
 *(.data)
 *(.data*)
 .data.SystemCoreClock
                0x0000000020000000        0x4 ./Core/Src/system_stm32f3xx.o
                0x0000000020000000                SystemCoreClock
 .data.uwTickPrio
                0x0000000020000004        0x4 ./Drivers/STM32F3xx_HAL_Driver/Src/stm32f3xx_hal.o
                0x0000000020000004                uwTickPrio
 .data.uwTickFreq
                0x0000000020000008        0x1 ./Drivers/STM32F3xx_HAL_Driver/Src/stm32f3xx_hal.o
                0x0000000020000008                uwTickFreq
 *fill*         0x0000000020000009        0x3 
 .data._impure_data
                0x000000002000000c       0x4c C:/ST/STM32CubeIDE_1.12.1/STM32CubeIDE/plugins/com.st.stm32cube.ide.mcu.externaltools.gnu-tools-for-stm32.11.3.rel1.win32_1.1.0.202305231506/tools/bin/../lib/gcc/arm-none-eabi/11.3.1/../../../../arm-none-eabi/lib/thumb/v7e-m+fp/hard\libc_nano.a(libc_a-impure.o)
                0x000000002000000c                _impure_data
 .data._impure_ptr
                0x0000000020000058        0x4 C:/ST/STM32CubeIDE_1.12.1/STM32CubeIDE/plugins/com.st.stm32cube.ide.mcu.externaltools.gnu-tools-for-stm32.11.3.rel1.win32_1.1.0.202305231506/tools/bin/../lib/gcc/arm-none-eabi/11.3.1/../../../../arm-none-eabi/lib/thumb/v7e-m+fp/hard\libc_nano.a(libc_a-impure.o)
                0x0000000020000058                _impure_ptr
 *(.RamFunc)
 *(.RamFunc*)
                0x000000002000005c                . = ALIGN (0x4)
                0x000000002000005c                _edata = .

.igot.plt       0x000000002000005c        0x0 load address 0x0000000008009518
 .igot.plt      0x000000002000005c        0x0 C:/ST/STM32CubeIDE_1.12.1/STM32CubeIDE/plugins/com.st.stm32cube.ide.mcu.externaltools.gnu-tools-for-stm32.11.3.rel1.win32_1.1.0.202305231506/tools/bin/../lib/gcc/arm-none-eabi/11.3.1/thumb/v7e-m+fp/hard/crtbegin.o
                0x000000002000005c                . = ALIGN (0x4)

.bss            0x000000002000005c      0x3e4 load address 0x0000000008009518
                0x000000002000005c                _sbss = .
                0x000000002000005c                __bss_start__ = _sbss
 *(.bss)
 .bss           0x000000002000005c       0x1c C:/ST/STM32CubeIDE_1.12.1/STM32CubeIDE/plugins/com.st.stm32cube.ide.mcu.externaltools.gnu-tools-for-stm32.11.3.rel1.win32_1.1.0.202305231506/tools/bin/../lib/gcc/arm-none-eabi/11.3.1/thumb/v7e-m+fp/hard/crtbegin.o
 *(.bss*)
 .bss.gAdcValue
                0x0000000020000078        0x4 ./Core/MCLIB/GlogalVariables.o
                0x0000000020000078                gAdcValue
 .bss.gHall     0x000000002000007c        0x3 ./Core/MCLIB/GlogalVariables.o
                0x000000002000007c                gHall
 .bss.gButton1  0x000000002000007f        0x1 ./Core/MCLIB/GlogalVariables.o
                0x000000002000007f                gButton1
 .bss.gInputCaptureCnt
                0x0000000020000080        0x4 ./Core/MCLIB/GlogalVariables.o
                0x0000000020000080                gInputCaptureCnt
 .bss.gInputCaptureCnt_pre
                0x0000000020000084        0x4 ./Core/MCLIB/GlogalVariables.o
                0x0000000020000084                gInputCaptureCnt_pre
 .bss.gElectFreq
                0x0000000020000088        0x4 ./Core/MCLIB/GlogalVariables.o
                0x0000000020000088                gElectFreq
 .bss.gTheta    0x000000002000008c        0x4 ./Core/MCLIB/GlogalVariables.o
                0x000000002000008c                gTheta
 .bss.gElectAngVelo
                0x0000000020000090        0x4 ./Core/MCLIB/GlogalVariables.o
                0x0000000020000090                gElectAngVelo
 .bss.gVdc      0x0000000020000094        0x4 ./Core/MCLIB/GlogalVariables.o
                0x0000000020000094                gVdc
 .bss.gTwoDivVdc
                0x0000000020000098        0x4 ./Core/MCLIB/GlogalVariables.o
                0x0000000020000098                gTwoDivVdc
 .bss.gVolume   0x000000002000009c        0x4 ./Core/MCLIB/GlogalVariables.o
                0x000000002000009c                gVolume
 .bss.gIuvw     0x00000000200000a0        0xc ./Core/MCLIB/GlogalVariables.o
                0x00000000200000a0                gIuvw
 .bss.gIuvw_AD  0x00000000200000ac        0x6 ./Core/MCLIB/GlogalVariables.o
                0x00000000200000ac                gIuvw_AD
 .bss.sPosMode  0x00000000200000b2        0x1 ./Core/MCLIB/Sequence.o
 .bss.sDrvMode  0x00000000200000b3        0x1 ./Core/MCLIB/Sequence.o
 .bss.sInitCnt  0x00000000200000b4        0x2 ./Core/MCLIB/Sequence.o
 *fill*         0x00000000200000b6        0x2 
 .bss.sElectAngle
                0x00000000200000b8        0x4 ./Core/MCLIB/Sequence.o
 .bss.sElectAngVelo
                0x00000000200000bc        0x4 ./Core/MCLIB/Sequence.o
 .bss.sOutputMode
                0x00000000200000c0        0x3 ./Core/MCLIB/Sequence.o
 *fill*         0x00000000200000c3        0x1 
 .bss.sDuty     0x00000000200000c4        0xc ./Core/MCLIB/Sequence.o
 .bss.sVoltageMode
                0x00000000200000d0        0x1 ./Core/MCLIB/SixsStep.o
 .bss.sVoltageMode_pre
                0x00000000200000d1        0x1 ./Core/MCLIB/SixsStep.o
 .bss.sNoInputCaptureCnt
                0x00000000200000d2        0x2 ./Core/MCLIB/SixsStep.o
 .bss.sRotDir   0x00000000200000d4        0x1 ./Core/MCLIB/SixsStep.o
 .bss.sFlgPLL   0x00000000200000d5        0x1 ./Core/MCLIB/SixsStep.o
 .bss.sFlgPLL_pre
                0x00000000200000d6        0x1 ./Core/MCLIB/SixsStep.o
 *fill*         0x00000000200000d7        0x1 
 .bss.sElectAngleActual
                0x00000000200000d8        0x4 ./Core/MCLIB/SixsStep.o
 .bss.sElectAngleActual_pre
                0x00000000200000dc        0x4 ./Core/MCLIB/SixsStep.o
 .bss.sElectAngleEstimate
                0x00000000200000e0        0x4 ./Core/MCLIB/SixsStep.o
 .bss.sIntegral_ElectAngleErr_Ki
                0x00000000200000e4        0x4 ./Core/MCLIB/SixsStep.o
 .bss.sElectAngVeloEstimate
                0x00000000200000e8        0x4 ./Core/MCLIB/SixsStep.o
 .bss.sElectAngleErr
                0x00000000200000ec        0x4 ./Core/MCLIB/SixsStep.o
 .bss.sIab      0x00000000200000f0        0x8 ./Core/MCLIB/VectorControl.o
 .bss.sIdq      0x00000000200000f8        0x8 ./Core/MCLIB/VectorControl.o
 .bss.sIq_LPF   0x0000000020000100        0x4 ./Core/MCLIB/VectorControl.o
 .bss.sIq_ref_LPF
                0x0000000020000104        0x4 ./Core/MCLIB/VectorControl.o
 .bss.sIdq_ref_1000
                0x0000000020000108        0x8 ./Core/MCLIB/VectorControl.o
 .bss.sIdq_1000
                0x0000000020000110        0x8 ./Core/MCLIB/VectorControl.o
 .bss.sVdq      0x0000000020000118        0x8 ./Core/MCLIB/VectorControl.o
 .bss.sVdq_i    0x0000000020000120        0x8 ./Core/MCLIB/VectorControl.o
 .bss.sVab      0x0000000020000128        0x8 ./Core/MCLIB/VectorControl.o
 .bss.sVuvw     0x0000000020000130        0xc ./Core/MCLIB/VectorControl.o
 .bss.sVamp     0x000000002000013c        0x4 ./Core/MCLIB/VectorControl.o
 .bss.sMod      0x0000000020000140        0x4 ./Core/MCLIB/VectorControl.o
 .bss.sEdq      0x0000000020000144        0x8 ./Core/MCLIB/VectorControl.o
 .bss.sAngleErr
                0x000000002000014c        0x4 ./Core/MCLIB/VectorControl.o
 .bss.hadc1     0x0000000020000150       0x50 ./Core/Src/main.o
                0x0000000020000150                hadc1
 .bss.hdma_adc1
                0x00000000200001a0       0x44 ./Core/Src/main.o
                0x00000000200001a0                hdma_adc1
 .bss.htim1     0x00000000200001e4       0x4c ./Core/Src/main.o
                0x00000000200001e4                htim1
 .bss.htim2     0x0000000020000230       0x4c ./Core/Src/main.o
                0x0000000020000230                htim2
 .bss.huart2    0x000000002000027c       0x88 ./Core/Src/main.o
                0x000000002000027c                huart2
 .bss.uwTick    0x0000000020000304        0x4 ./Drivers/STM32F3xx_HAL_Driver/Src/stm32f3xx_hal.o
                0x0000000020000304                uwTick
 .bss.__sf      0x0000000020000308      0x138 C:/ST/STM32CubeIDE_1.12.1/STM32CubeIDE/plugins/com.st.stm32cube.ide.mcu.externaltools.gnu-tools-for-stm32.11.3.rel1.win32_1.1.0.202305231506/tools/bin/../lib/gcc/arm-none-eabi/11.3.1/../../../../arm-none-eabi/lib/thumb/v7e-m+fp/hard\libc_nano.a(libc_a-findfp.o)
                0x0000000020000308                __sf
 *(COMMON)
                0x0000000020000440                . = ALIGN (0x4)
                0x0000000020000440                _ebss = .
                0x0000000020000440                __bss_end__ = _ebss

._user_heap_stack
                0x0000000020000440      0x600 load address 0x0000000008009518
                0x0000000020000440                . = ALIGN (0x8)
                [!provide]                        PROVIDE (end = .)
                0x0000000020000440                PROVIDE (_end = .)
                0x0000000020000640                . = (. + _Min_Heap_Size)
 *fill*         0x0000000020000440      0x200 
                0x0000000020000a40                . = (. + _Min_Stack_Size)
 *fill*         0x0000000020000640      0x400 
                0x0000000020000a40                . = ALIGN (0x8)

/DISCARD/
 libc.a(*)
 libm.a(*)
 libgcc.a(*)

.ARM.attributes
                0x0000000000000000       0x30
 *(.ARM.attributes)
 .ARM.attributes
                0x0000000000000000       0x1e C:/ST/STM32CubeIDE_1.12.1/STM32CubeIDE/plugins/com.st.stm32cube.ide.mcu.externaltools.gnu-tools-for-stm32.11.3.rel1.win32_1.1.0.202305231506/tools/bin/../lib/gcc/arm-none-eabi/11.3.1/thumb/v7e-m+fp/hard/crti.o
 .ARM.attributes
                0x000000000000001e       0x34 C:/ST/STM32CubeIDE_1.12.1/STM32CubeIDE/plugins/com.st.stm32cube.ide.mcu.externaltools.gnu-tools-for-stm32.11.3.rel1.win32_1.1.0.202305231506/tools/bin/../lib/gcc/arm-none-eabi/11.3.1/thumb/v7e-m+fp/hard/crtbegin.o
 .ARM.attributes
                0x0000000000000052       0x34 ./Core/MCLIB/ControlFunctions.o
 .ARM.attributes
                0x0000000000000086       0x34 ./Core/MCLIB/GeneralFunctions.o
 .ARM.attributes
                0x00000000000000ba       0x34 ./Core/MCLIB/GlogalVariables.o
 .ARM.attributes
                0x00000000000000ee       0x34 ./Core/MCLIB/Sequence.o
 .ARM.attributes
                0x0000000000000122       0x34 ./Core/MCLIB/SignalReadWrite.o
 .ARM.attributes
                0x0000000000000156       0x34 ./Core/MCLIB/SixsStep.o
 .ARM.attributes
                0x000000000000018a       0x34 ./Core/MCLIB/VectorControl.o
 .ARM.attributes
                0x00000000000001be       0x34 ./Core/Src/main.o
 .ARM.attributes
                0x00000000000001f2       0x34 ./Core/Src/stm32f3xx_hal_msp.o
 .ARM.attributes
                0x0000000000000226       0x34 ./Core/Src/stm32f3xx_it.o
 .ARM.attributes
                0x000000000000025a       0x34 ./Core/Src/system_stm32f3xx.o
 .ARM.attributes
                0x000000000000028e       0x21 ./Core/Startup/startup_stm32f302r8tx.o
 .ARM.attributes
                0x00000000000002af       0x34 ./Drivers/STM32F3xx_HAL_Driver/Src/stm32f3xx_hal.o
 .ARM.attributes
                0x00000000000002e3       0x34 ./Drivers/STM32F3xx_HAL_Driver/Src/stm32f3xx_hal_adc.o
 .ARM.attributes
                0x0000000000000317       0x34 ./Drivers/STM32F3xx_HAL_Driver/Src/stm32f3xx_hal_adc_ex.o
 .ARM.attributes
                0x000000000000034b       0x34 ./Drivers/STM32F3xx_HAL_Driver/Src/stm32f3xx_hal_cortex.o
 .ARM.attributes
                0x000000000000037f       0x34 ./Drivers/STM32F3xx_HAL_Driver/Src/stm32f3xx_hal_dma.o
 .ARM.attributes
                0x00000000000003b3       0x34 ./Drivers/STM32F3xx_HAL_Driver/Src/stm32f3xx_hal_gpio.o
 .ARM.attributes
                0x00000000000003e7       0x34 ./Drivers/STM32F3xx_HAL_Driver/Src/stm32f3xx_hal_rcc.o
 .ARM.attributes
                0x000000000000041b       0x34 ./Drivers/STM32F3xx_HAL_Driver/Src/stm32f3xx_hal_rcc_ex.o
 .ARM.attributes
                0x000000000000044f       0x34 ./Drivers/STM32F3xx_HAL_Driver/Src/stm32f3xx_hal_tim.o
 .ARM.attributes
                0x0000000000000483       0x34 ./Drivers/STM32F3xx_HAL_Driver/Src/stm32f3xx_hal_tim_ex.o
 .ARM.attributes
                0x00000000000004b7       0x34 ./Drivers/STM32F3xx_HAL_Driver/Src/stm32f3xx_hal_uart.o
 .ARM.attributes
                0x00000000000004eb       0x34 C:/ST/STM32CubeIDE_1.12.1/STM32CubeIDE/plugins/com.st.stm32cube.ide.mcu.externaltools.gnu-tools-for-stm32.11.3.rel1.win32_1.1.0.202305231506/tools/bin/../lib/gcc/arm-none-eabi/11.3.1/../../../../arm-none-eabi/lib/thumb/v7e-m+fp/hard\libc_nano.a(libc_a-findfp.o)
 .ARM.attributes
                0x000000000000051f       0x34 C:/ST/STM32CubeIDE_1.12.1/STM32CubeIDE/plugins/com.st.stm32cube.ide.mcu.externaltools.gnu-tools-for-stm32.11.3.rel1.win32_1.1.0.202305231506/tools/bin/../lib/gcc/arm-none-eabi/11.3.1/../../../../arm-none-eabi/lib/thumb/v7e-m+fp/hard\libc_nano.a(libc_a-memset.o)
 .ARM.attributes
                0x0000000000000553       0x34 C:/ST/STM32CubeIDE_1.12.1/STM32CubeIDE/plugins/com.st.stm32cube.ide.mcu.externaltools.gnu-tools-for-stm32.11.3.rel1.win32_1.1.0.202305231506/tools/bin/../lib/gcc/arm-none-eabi/11.3.1/../../../../arm-none-eabi/lib/thumb/v7e-m+fp/hard\libc_nano.a(libc_a-impure.o)
 .ARM.attributes
                0x0000000000000587       0x34 C:/ST/STM32CubeIDE_1.12.1/STM32CubeIDE/plugins/com.st.stm32cube.ide.mcu.externaltools.gnu-tools-for-stm32.11.3.rel1.win32_1.1.0.202305231506/tools/bin/../lib/gcc/arm-none-eabi/11.3.1/../../../../arm-none-eabi/lib/thumb/v7e-m+fp/hard\libc_nano.a(libc_a-errno.o)
 .ARM.attributes
                0x00000000000005bb       0x34 C:/ST/STM32CubeIDE_1.12.1/STM32CubeIDE/plugins/com.st.stm32cube.ide.mcu.externaltools.gnu-tools-for-stm32.11.3.rel1.win32_1.1.0.202305231506/tools/bin/../lib/gcc/arm-none-eabi/11.3.1/../../../../arm-none-eabi/lib/thumb/v7e-m+fp/hard\libc_nano.a(libc_a-init.o)
 .ARM.attributes
                0x00000000000005ef       0x34 C:/ST/STM32CubeIDE_1.12.1/STM32CubeIDE/plugins/com.st.stm32cube.ide.mcu.externaltools.gnu-tools-for-stm32.11.3.rel1.win32_1.1.0.202305231506/tools/bin/../lib/gcc/arm-none-eabi/11.3.1/../../../../arm-none-eabi/lib/thumb/v7e-m+fp/hard\libm.a(libm_a-wf_atan2.o)
 .ARM.attributes
                0x0000000000000623       0x34 C:/ST/STM32CubeIDE_1.12.1/STM32CubeIDE/plugins/com.st.stm32cube.ide.mcu.externaltools.gnu-tools-for-stm32.11.3.rel1.win32_1.1.0.202305231506/tools/bin/../lib/gcc/arm-none-eabi/11.3.1/../../../../arm-none-eabi/lib/thumb/v7e-m+fp/hard\libm.a(libm_a-wf_fmod.o)
 .ARM.attributes
                0x0000000000000657       0x34 C:/ST/STM32CubeIDE_1.12.1/STM32CubeIDE/plugins/com.st.stm32cube.ide.mcu.externaltools.gnu-tools-for-stm32.11.3.rel1.win32_1.1.0.202305231506/tools/bin/../lib/gcc/arm-none-eabi/11.3.1/../../../../arm-none-eabi/lib/thumb/v7e-m+fp/hard\libm.a(libm_a-wf_sqrt.o)
 .ARM.attributes
                0x000000000000068b       0x34 C:/ST/STM32CubeIDE_1.12.1/STM32CubeIDE/plugins/com.st.stm32cube.ide.mcu.externaltools.gnu-tools-for-stm32.11.3.rel1.win32_1.1.0.202305231506/tools/bin/../lib/gcc/arm-none-eabi/11.3.1/../../../../arm-none-eabi/lib/thumb/v7e-m+fp/hard\libm.a(libm_a-sf_cos.o)
 .ARM.attributes
                0x00000000000006bf       0x34 C:/ST/STM32CubeIDE_1.12.1/STM32CubeIDE/plugins/com.st.stm32cube.ide.mcu.externaltools.gnu-tools-for-stm32.11.3.rel1.win32_1.1.0.202305231506/tools/bin/../lib/gcc/arm-none-eabi/11.3.1/../../../../arm-none-eabi/lib/thumb/v7e-m+fp/hard\libm.a(libm_a-sf_sin.o)
 .ARM.attributes
                0x00000000000006f3       0x34 C:/ST/STM32CubeIDE_1.12.1/STM32CubeIDE/plugins/com.st.stm32cube.ide.mcu.externaltools.gnu-tools-for-stm32.11.3.rel1.win32_1.1.0.202305231506/tools/bin/../lib/gcc/arm-none-eabi/11.3.1/../../../../arm-none-eabi/lib/thumb/v7e-m+fp/hard\libm.a(libm_a-ef_sqrt.o)
 .ARM.attributes
                0x0000000000000727       0x34 C:/ST/STM32CubeIDE_1.12.1/STM32CubeIDE/plugins/com.st.stm32cube.ide.mcu.externaltools.gnu-tools-for-stm32.11.3.rel1.win32_1.1.0.202305231506/tools/bin/../lib/gcc/arm-none-eabi/11.3.1/../../../../arm-none-eabi/lib/thumb/v7e-m+fp/hard\libm.a(libm_a-kf_cos.o)
 .ARM.attributes
                0x000000000000075b       0x34 C:/ST/STM32CubeIDE_1.12.1/STM32CubeIDE/plugins/com.st.stm32cube.ide.mcu.externaltools.gnu-tools-for-stm32.11.3.rel1.win32_1.1.0.202305231506/tools/bin/../lib/gcc/arm-none-eabi/11.3.1/../../../../arm-none-eabi/lib/thumb/v7e-m+fp/hard\libm.a(libm_a-kf_sin.o)
 .ARM.attributes
                0x000000000000078f       0x34 C:/ST/STM32CubeIDE_1.12.1/STM32CubeIDE/plugins/com.st.stm32cube.ide.mcu.externaltools.gnu-tools-for-stm32.11.3.rel1.win32_1.1.0.202305231506/tools/bin/../lib/gcc/arm-none-eabi/11.3.1/../../../../arm-none-eabi/lib/thumb/v7e-m+fp/hard\libm.a(libm_a-ef_atan2.o)
 .ARM.attributes
                0x00000000000007c3       0x34 C:/ST/STM32CubeIDE_1.12.1/STM32CubeIDE/plugins/com.st.stm32cube.ide.mcu.externaltools.gnu-tools-for-stm32.11.3.rel1.win32_1.1.0.202305231506/tools/bin/../lib/gcc/arm-none-eabi/11.3.1/../../../../arm-none-eabi/lib/thumb/v7e-m+fp/hard\libm.a(libm_a-ef_fmod.o)
 .ARM.attributes
                0x00000000000007f7       0x34 C:/ST/STM32CubeIDE_1.12.1/STM32CubeIDE/plugins/com.st.stm32cube.ide.mcu.externaltools.gnu-tools-for-stm32.11.3.rel1.win32_1.1.0.202305231506/tools/bin/../lib/gcc/arm-none-eabi/11.3.1/../../../../arm-none-eabi/lib/thumb/v7e-m+fp/hard\libm.a(libm_a-ef_rem_pio2.o)
 .ARM.attributes
                0x000000000000082b       0x34 C:/ST/STM32CubeIDE_1.12.1/STM32CubeIDE/plugins/com.st.stm32cube.ide.mcu.externaltools.gnu-tools-for-stm32.11.3.rel1.win32_1.1.0.202305231506/tools/bin/../lib/gcc/arm-none-eabi/11.3.1/../../../../arm-none-eabi/lib/thumb/v7e-m+fp/hard\libm.a(libm_a-sf_atan.o)
 .ARM.attributes
                0x000000000000085f       0x34 C:/ST/STM32CubeIDE_1.12.1/STM32CubeIDE/plugins/com.st.stm32cube.ide.mcu.externaltools.gnu-tools-for-stm32.11.3.rel1.win32_1.1.0.202305231506/tools/bin/../lib/gcc/arm-none-eabi/11.3.1/../../../../arm-none-eabi/lib/thumb/v7e-m+fp/hard\libm.a(libm_a-sf_fabs.o)
 .ARM.attributes
                0x0000000000000893       0x34 C:/ST/STM32CubeIDE_1.12.1/STM32CubeIDE/plugins/com.st.stm32cube.ide.mcu.externaltools.gnu-tools-for-stm32.11.3.rel1.win32_1.1.0.202305231506/tools/bin/../lib/gcc/arm-none-eabi/11.3.1/../../../../arm-none-eabi/lib/thumb/v7e-m+fp/hard\libm.a(libm_a-kf_rem_pio2.o)
 .ARM.attributes
                0x00000000000008c7       0x34 C:/ST/STM32CubeIDE_1.12.1/STM32CubeIDE/plugins/com.st.stm32cube.ide.mcu.externaltools.gnu-tools-for-stm32.11.3.rel1.win32_1.1.0.202305231506/tools/bin/../lib/gcc/arm-none-eabi/11.3.1/../../../../arm-none-eabi/lib/thumb/v7e-m+fp/hard\libm.a(libm_a-sf_scalbn.o)
 .ARM.attributes
                0x00000000000008fb       0x34 C:/ST/STM32CubeIDE_1.12.1/STM32CubeIDE/plugins/com.st.stm32cube.ide.mcu.externaltools.gnu-tools-for-stm32.11.3.rel1.win32_1.1.0.202305231506/tools/bin/../lib/gcc/arm-none-eabi/11.3.1/../../../../arm-none-eabi/lib/thumb/v7e-m+fp/hard\libm.a(libm_a-sf_floor.o)
 .ARM.attributes
                0x000000000000092f       0x1e C:/ST/STM32CubeIDE_1.12.1/STM32CubeIDE/plugins/com.st.stm32cube.ide.mcu.externaltools.gnu-tools-for-stm32.11.3.rel1.win32_1.1.0.202305231506/tools/bin/../lib/gcc/arm-none-eabi/11.3.1/thumb/v7e-m+fp/hard\libgcc.a(_arm_muldf3.o)
 .ARM.attributes
                0x000000000000094d       0x1e C:/ST/STM32CubeIDE_1.12.1/STM32CubeIDE/plugins/com.st.stm32cube.ide.mcu.externaltools.gnu-tools-for-stm32.11.3.rel1.win32_1.1.0.202305231506/tools/bin/../lib/gcc/arm-none-eabi/11.3.1/thumb/v7e-m+fp/hard\libgcc.a(_arm_addsubdf3.o)
 .ARM.attributes
                0x000000000000096b       0x1e C:/ST/STM32CubeIDE_1.12.1/STM32CubeIDE/plugins/com.st.stm32cube.ide.mcu.externaltools.gnu-tools-for-stm32.11.3.rel1.win32_1.1.0.202305231506/tools/bin/../lib/gcc/arm-none-eabi/11.3.1/thumb/v7e-m+fp/hard\libgcc.a(_arm_truncdfsf2.o)
 .ARM.attributes
                0x0000000000000989       0x1e C:/ST/STM32CubeIDE_1.12.1/STM32CubeIDE/plugins/com.st.stm32cube.ide.mcu.externaltools.gnu-tools-for-stm32.11.3.rel1.win32_1.1.0.202305231506/tools/bin/../lib/gcc/arm-none-eabi/11.3.1/thumb/v7e-m+fp/hard/crtn.o
OUTPUT(STM32F302R8.elf elf32-littlearm)
LOAD linker stubs
LOAD C:/ST/STM32CubeIDE_1.12.1/STM32CubeIDE/plugins/com.st.stm32cube.ide.mcu.externaltools.gnu-tools-for-stm32.11.3.rel1.win32_1.1.0.202305231506/tools/bin/../lib/gcc/arm-none-eabi/11.3.1/../../../../arm-none-eabi/lib/thumb/v7e-m+fp/hard\libc.a
LOAD C:/ST/STM32CubeIDE_1.12.1/STM32CubeIDE/plugins/com.st.stm32cube.ide.mcu.externaltools.gnu-tools-for-stm32.11.3.rel1.win32_1.1.0.202305231506/tools/bin/../lib/gcc/arm-none-eabi/11.3.1/../../../../arm-none-eabi/lib/thumb/v7e-m+fp/hard\libm.a
LOAD C:/ST/STM32CubeIDE_1.12.1/STM32CubeIDE/plugins/com.st.stm32cube.ide.mcu.externaltools.gnu-tools-for-stm32.11.3.rel1.win32_1.1.0.202305231506/tools/bin/../lib/gcc/arm-none-eabi/11.3.1/thumb/v7e-m+fp/hard\libgcc.a

.comment        0x0000000000000000       0x43
 .comment       0x0000000000000000       0x43 C:/ST/STM32CubeIDE_1.12.1/STM32CubeIDE/plugins/com.st.stm32cube.ide.mcu.externaltools.gnu-tools-for-stm32.11.3.rel1.win32_1.1.0.202305231506/tools/bin/../lib/gcc/arm-none-eabi/11.3.1/thumb/v7e-m+fp/hard/crtbegin.o
                                         0x44 (size before relaxing)
 .comment       0x0000000000000043       0x44 ./Core/MCLIB/ControlFunctions.o
 .comment       0x0000000000000043       0x44 ./Core/MCLIB/GeneralFunctions.o
 .comment       0x0000000000000043       0x44 ./Core/MCLIB/GlogalVariables.o
 .comment       0x0000000000000043       0x44 ./Core/MCLIB/Sequence.o
 .comment       0x0000000000000043       0x44 ./Core/MCLIB/SignalReadWrite.o
 .comment       0x0000000000000043       0x44 ./Core/MCLIB/SixsStep.o
 .comment       0x0000000000000043       0x44 ./Core/MCLIB/VectorControl.o
 .comment       0x0000000000000043       0x44 ./Core/Src/main.o
 .comment       0x0000000000000043       0x44 ./Core/Src/stm32f3xx_hal_msp.o
 .comment       0x0000000000000043       0x44 ./Core/Src/stm32f3xx_it.o
 .comment       0x0000000000000043       0x44 ./Core/Src/system_stm32f3xx.o
 .comment       0x0000000000000043       0x44 ./Drivers/STM32F3xx_HAL_Driver/Src/stm32f3xx_hal.o
 .comment       0x0000000000000043       0x44 ./Drivers/STM32F3xx_HAL_Driver/Src/stm32f3xx_hal_adc.o
 .comment       0x0000000000000043       0x44 ./Drivers/STM32F3xx_HAL_Driver/Src/stm32f3xx_hal_adc_ex.o
 .comment       0x0000000000000043       0x44 ./Drivers/STM32F3xx_HAL_Driver/Src/stm32f3xx_hal_cortex.o
 .comment       0x0000000000000043       0x44 ./Drivers/STM32F3xx_HAL_Driver/Src/stm32f3xx_hal_dma.o
 .comment       0x0000000000000043       0x44 ./Drivers/STM32F3xx_HAL_Driver/Src/stm32f3xx_hal_gpio.o
 .comment       0x0000000000000043       0x44 ./Drivers/STM32F3xx_HAL_Driver/Src/stm32f3xx_hal_rcc.o
 .comment       0x0000000000000043       0x44 ./Drivers/STM32F3xx_HAL_Driver/Src/stm32f3xx_hal_rcc_ex.o
 .comment       0x0000000000000043       0x44 ./Drivers/STM32F3xx_HAL_Driver/Src/stm32f3xx_hal_tim.o
 .comment       0x0000000000000043       0x44 ./Drivers/STM32F3xx_HAL_Driver/Src/stm32f3xx_hal_tim_ex.o
 .comment       0x0000000000000043       0x44 ./Drivers/STM32F3xx_HAL_Driver/Src/stm32f3xx_hal_uart.o

.debug_info     0x0000000000000000    0x12bbc
 .debug_info    0x0000000000000000       0xe3 ./Core/MCLIB/ControlFunctions.o
 .debug_info    0x00000000000000e3      0x266 ./Core/MCLIB/GeneralFunctions.o
 .debug_info    0x0000000000000349      0x2ef ./Core/MCLIB/GlogalVariables.o
 .debug_info    0x0000000000000638      0x38f ./Core/MCLIB/Sequence.o
 .debug_info    0x00000000000009c7      0x718 ./Core/MCLIB/SignalReadWrite.o
 .debug_info    0x00000000000010df      0x5dc ./Core/MCLIB/SixsStep.o
 .debug_info    0x00000000000016bb      0x62b ./Core/MCLIB/VectorControl.o
 .debug_info    0x0000000000001ce6     0x1b1e ./Core/Src/main.o
 .debug_info    0x0000000000003804     0x1498 ./Core/Src/stm32f3xx_hal_msp.o
 .debug_info    0x0000000000004c9c      0x914 ./Core/Src/stm32f3xx_it.o
 .debug_info    0x00000000000055b0      0x407 ./Core/Src/system_stm32f3xx.o
 .debug_info    0x00000000000059b7       0x23 ./Core/Startup/startup_stm32f302r8tx.o
 .debug_info    0x00000000000059da      0x774 ./Drivers/STM32F3xx_HAL_Driver/Src/stm32f3xx_hal.o
 .debug_info    0x000000000000614e      0xb32 ./Drivers/STM32F3xx_HAL_Driver/Src/stm32f3xx_hal_adc.o
 .debug_info    0x0000000000006c80     0x13a2 ./Drivers/STM32F3xx_HAL_Driver/Src/stm32f3xx_hal_adc_ex.o
 .debug_info    0x0000000000008022      0xab1 ./Drivers/STM32F3xx_HAL_Driver/Src/stm32f3xx_hal_cortex.o
 .debug_info    0x0000000000008ad3      0x6e1 ./Drivers/STM32F3xx_HAL_Driver/Src/stm32f3xx_hal_dma.o
 .debug_info    0x00000000000091b4      0x5fe ./Drivers/STM32F3xx_HAL_Driver/Src/stm32f3xx_hal_gpio.o
 .debug_info    0x00000000000097b2     0x14f1 ./Drivers/STM32F3xx_HAL_Driver/Src/stm32f3xx_hal_rcc.o
 .debug_info    0x000000000000aca3      0x5b2 ./Drivers/STM32F3xx_HAL_Driver/Src/stm32f3xx_hal_rcc_ex.o
 .debug_info    0x000000000000b255     0x2a52 ./Drivers/STM32F3xx_HAL_Driver/Src/stm32f3xx_hal_tim.o
 .debug_info    0x000000000000dca7     0x156d ./Drivers/STM32F3xx_HAL_Driver/Src/stm32f3xx_hal_tim_ex.o
 .debug_info    0x000000000000f214     0x39a8 ./Drivers/STM32F3xx_HAL_Driver/Src/stm32f3xx_hal_uart.o

.debug_abbrev   0x0000000000000000     0x2a98
 .debug_abbrev  0x0000000000000000       0x76 ./Core/MCLIB/ControlFunctions.o
 .debug_abbrev  0x0000000000000076      0x127 ./Core/MCLIB/GeneralFunctions.o
 .debug_abbrev  0x000000000000019d       0x6d ./Core/MCLIB/GlogalVariables.o
 .debug_abbrev  0x000000000000020a      0x113 ./Core/MCLIB/Sequence.o
 .debug_abbrev  0x000000000000031d      0x1f6 ./Core/MCLIB/SignalReadWrite.o
 .debug_abbrev  0x0000000000000513      0x19c ./Core/MCLIB/SixsStep.o
 .debug_abbrev  0x00000000000006af      0x1a1 ./Core/MCLIB/VectorControl.o
 .debug_abbrev  0x0000000000000850      0x2c9 ./Core/Src/main.o
 .debug_abbrev  0x0000000000000b19      0x27a ./Core/Src/stm32f3xx_hal_msp.o
 .debug_abbrev  0x0000000000000d93      0x1e3 ./Core/Src/stm32f3xx_it.o
 .debug_abbrev  0x0000000000000f76      0x11a ./Core/Src/system_stm32f3xx.o
 .debug_abbrev  0x0000000000001090       0x12 ./Core/Startup/startup_stm32f302r8tx.o
 .debug_abbrev  0x00000000000010a2      0x215 ./Drivers/STM32F3xx_HAL_Driver/Src/stm32f3xx_hal.o
 .debug_abbrev  0x00000000000012b7      0x186 ./Drivers/STM32F3xx_HAL_Driver/Src/stm32f3xx_hal_adc.o
 .debug_abbrev  0x000000000000143d      0x28e ./Drivers/STM32F3xx_HAL_Driver/Src/stm32f3xx_hal_adc_ex.o
 .debug_abbrev  0x00000000000016cb      0x2f8 ./Drivers/STM32F3xx_HAL_Driver/Src/stm32f3xx_hal_cortex.o
 .debug_abbrev  0x00000000000019c3      0x20d ./Drivers/STM32F3xx_HAL_Driver/Src/stm32f3xx_hal_dma.o
 .debug_abbrev  0x0000000000001bd0      0x1ca ./Drivers/STM32F3xx_HAL_Driver/Src/stm32f3xx_hal_gpio.o
 .debug_abbrev  0x0000000000001d9a      0x300 ./Drivers/STM32F3xx_HAL_Driver/Src/stm32f3xx_hal_rcc.o
 .debug_abbrev  0x000000000000209a      0x232 ./Drivers/STM32F3xx_HAL_Driver/Src/stm32f3xx_hal_rcc_ex.o
 .debug_abbrev  0x00000000000022cc      0x278 ./Drivers/STM32F3xx_HAL_Driver/Src/stm32f3xx_hal_tim.o
 .debug_abbrev  0x0000000000002544      0x283 ./Drivers/STM32F3xx_HAL_Driver/Src/stm32f3xx_hal_tim_ex.o
 .debug_abbrev  0x00000000000027c7      0x2d1 ./Drivers/STM32F3xx_HAL_Driver/Src/stm32f3xx_hal_uart.o

.debug_aranges  0x0000000000000000     0x1070
 .debug_aranges
                0x0000000000000000       0x20 ./Core/MCLIB/ControlFunctions.o
 .debug_aranges
                0x0000000000000020       0x48 ./Core/MCLIB/GeneralFunctions.o
 .debug_aranges
                0x0000000000000068       0x18 ./Core/MCLIB/GlogalVariables.o
 .debug_aranges
                0x0000000000000080       0x40 ./Core/MCLIB/Sequence.o
 .debug_aranges
                0x00000000000000c0       0x60 ./Core/MCLIB/SignalReadWrite.o
 .debug_aranges
                0x0000000000000120       0x58 ./Core/MCLIB/SixsStep.o
 .debug_aranges
                0x0000000000000178       0x68 ./Core/MCLIB/VectorControl.o
 .debug_aranges
                0x00000000000001e0       0x60 ./Core/Src/main.o
 .debug_aranges
                0x0000000000000240       0x68 ./Core/Src/stm32f3xx_hal_msp.o
 .debug_aranges
                0x00000000000002a8       0x70 ./Core/Src/stm32f3xx_it.o
 .debug_aranges
                0x0000000000000318       0x28 ./Core/Src/system_stm32f3xx.o
 .debug_aranges
                0x0000000000000340       0x28 ./Core/Startup/startup_stm32f302r8tx.o
 .debug_aranges
                0x0000000000000368       0xe0 ./Drivers/STM32F3xx_HAL_Driver/Src/stm32f3xx_hal.o
 .debug_aranges
                0x0000000000000448       0xc8 ./Drivers/STM32F3xx_HAL_Driver/Src/stm32f3xx_hal_adc.o
 .debug_aranges
                0x0000000000000510      0x140 ./Drivers/STM32F3xx_HAL_Driver/Src/stm32f3xx_hal_adc_ex.o
 .debug_aranges
                0x0000000000000650      0x100 ./Drivers/STM32F3xx_HAL_Driver/Src/stm32f3xx_hal_cortex.o
 .debug_aranges
                0x0000000000000750       0x88 ./Drivers/STM32F3xx_HAL_Driver/Src/stm32f3xx_hal_dma.o
 .debug_aranges
                0x00000000000007d8       0x58 ./Drivers/STM32F3xx_HAL_Driver/Src/stm32f3xx_hal_gpio.o
 .debug_aranges
                0x0000000000000830       0x88 ./Drivers/STM32F3xx_HAL_Driver/Src/stm32f3xx_hal_rcc.o
 .debug_aranges
                0x00000000000008b8       0x38 ./Drivers/STM32F3xx_HAL_Driver/Src/stm32f3xx_hal_rcc_ex.o
 .debug_aranges
                0x00000000000008f0      0x3e0 ./Drivers/STM32F3xx_HAL_Driver/Src/stm32f3xx_hal_tim.o
 .debug_aranges
                0x0000000000000cd0      0x178 ./Drivers/STM32F3xx_HAL_Driver/Src/stm32f3xx_hal_tim_ex.o
 .debug_aranges
                0x0000000000000e48      0x228 ./Drivers/STM32F3xx_HAL_Driver/Src/stm32f3xx_hal_uart.o

.debug_rnglists
                0x0000000000000000      0xcc4
 .debug_rnglists
                0x0000000000000000       0x13 ./Core/MCLIB/ControlFunctions.o
 .debug_rnglists
                0x0000000000000013       0x32 ./Core/MCLIB/GeneralFunctions.o
 .debug_rnglists
                0x0000000000000045       0x2e ./Core/MCLIB/Sequence.o
 .debug_rnglists
                0x0000000000000073       0x47 ./Core/MCLIB/SignalReadWrite.o
 .debug_rnglists
                0x00000000000000ba       0x44 ./Core/MCLIB/SixsStep.o
 .debug_rnglists
                0x00000000000000fe       0x51 ./Core/MCLIB/VectorControl.o
 .debug_rnglists
                0x000000000000014f       0x49 ./Core/Src/main.o
 .debug_rnglists
                0x0000000000000198       0x4d ./Core/Src/stm32f3xx_hal_msp.o
 .debug_rnglists
                0x00000000000001e5       0x50 ./Core/Src/stm32f3xx_it.o
 .debug_rnglists
                0x0000000000000235       0x1a ./Core/Src/system_stm32f3xx.o
 .debug_rnglists
                0x000000000000024f       0x19 ./Core/Startup/startup_stm32f302r8tx.o
 .debug_rnglists
                0x0000000000000268       0xa3 ./Drivers/STM32F3xx_HAL_Driver/Src/stm32f3xx_hal.o
 .debug_rnglists
                0x000000000000030b       0x91 ./Drivers/STM32F3xx_HAL_Driver/Src/stm32f3xx_hal_adc.o
 .debug_rnglists
                0x000000000000039c      0x104 ./Drivers/STM32F3xx_HAL_Driver/Src/stm32f3xx_hal_adc_ex.o
 .debug_rnglists
                0x00000000000004a0       0xbb ./Drivers/STM32F3xx_HAL_Driver/Src/stm32f3xx_hal_cortex.o
 .debug_rnglists
                0x000000000000055b       0x69 ./Drivers/STM32F3xx_HAL_Driver/Src/stm32f3xx_hal_dma.o
 .debug_rnglists
                0x00000000000005c4       0x3f ./Drivers/STM32F3xx_HAL_Driver/Src/stm32f3xx_hal_gpio.o
 .debug_rnglists
                0x0000000000000603       0x66 ./Drivers/STM32F3xx_HAL_Driver/Src/stm32f3xx_hal_rcc.o
 .debug_rnglists
                0x0000000000000669       0x28 ./Drivers/STM32F3xx_HAL_Driver/Src/stm32f3xx_hal_rcc_ex.o
 .debug_rnglists
                0x0000000000000691      0x328 ./Drivers/STM32F3xx_HAL_Driver/Src/stm32f3xx_hal_tim.o
 .debug_rnglists
                0x00000000000009b9      0x131 ./Drivers/STM32F3xx_HAL_Driver/Src/stm32f3xx_hal_tim_ex.o
 .debug_rnglists
                0x0000000000000aea      0x1da ./Drivers/STM32F3xx_HAL_Driver/Src/stm32f3xx_hal_uart.o

.debug_macro    0x0000000000000000    0x1d90a
 .debug_macro   0x0000000000000000      0x1f7 ./Core/MCLIB/ControlFunctions.o
 .debug_macro   0x00000000000001f7      0xaa8 ./Core/MCLIB/ControlFunctions.o
 .debug_macro   0x0000000000000c9f       0x22 ./Core/MCLIB/ControlFunctions.o
 .debug_macro   0x0000000000000cc1       0x8e ./Core/MCLIB/ControlFunctions.o
 .debug_macro   0x0000000000000d4f       0x51 ./Core/MCLIB/ControlFunctions.o
 .debug_macro   0x0000000000000da0      0x103 ./Core/MCLIB/ControlFunctions.o
 .debug_macro   0x0000000000000ea3       0x6a ./Core/MCLIB/ControlFunctions.o
 .debug_macro   0x0000000000000f0d      0x1df ./Core/MCLIB/ControlFunctions.o
 .debug_macro   0x00000000000010ec      0x15d ./Core/MCLIB/ControlFunctions.o
 .debug_macro   0x0000000000001249       0x2e ./Core/MCLIB/ControlFunctions.o
 .debug_macro   0x0000000000001277       0x28 ./Core/MCLIB/ControlFunctions.o
 .debug_macro   0x000000000000129f       0x1c ./Core/MCLIB/ControlFunctions.o
 .debug_macro   0x00000000000012bb       0x22 ./Core/MCLIB/ControlFunctions.o
 .debug_macro   0x00000000000012dd       0xd9 ./Core/MCLIB/ControlFunctions.o
 .debug_macro   0x00000000000013b6      0xf07 ./Core/MCLIB/ControlFunctions.o
 .debug_macro   0x00000000000022bd    0x110e8 ./Core/MCLIB/ControlFunctions.o
 .debug_macro   0x00000000000133a5       0x6d ./Core/MCLIB/ControlFunctions.o
 .debug_macro   0x0000000000013412     0x3558 ./Core/MCLIB/ControlFunctions.o
 .debug_macro   0x000000000001696a      0x174 ./Core/MCLIB/ControlFunctions.o
 .debug_macro   0x0000000000016ade       0x55 ./Core/MCLIB/ControlFunctions.o
 .debug_macro   0x0000000000016b33      0x8f8 ./Core/MCLIB/ControlFunctions.o
 .debug_macro   0x000000000001742b      0x41b ./Core/MCLIB/ControlFunctions.o
 .debug_macro   0x0000000000017846      0x1b5 ./Core/MCLIB/ControlFunctions.o
 .debug_macro   0x00000000000179fb      0x161 ./Core/MCLIB/ControlFunctions.o
 .debug_macro   0x0000000000017b5c      0x1d5 ./Core/MCLIB/ControlFunctions.o
 .debug_macro   0x0000000000017d31      0x1bc ./Core/MCLIB/ControlFunctions.o
 .debug_macro   0x0000000000017eed       0x34 ./Core/MCLIB/ControlFunctions.o
 .debug_macro   0x0000000000017f21       0x3c ./Core/MCLIB/ControlFunctions.o
 .debug_macro   0x0000000000017f5d       0x57 ./Core/MCLIB/ControlFunctions.o
 .debug_macro   0x0000000000017fb4      0x7b9 ./Core/MCLIB/ControlFunctions.o
 .debug_macro   0x000000000001876d       0x77 ./Core/MCLIB/ControlFunctions.o
 .debug_macro   0x00000000000187e4       0xc5 ./Core/MCLIB/ControlFunctions.o
 .debug_macro   0x00000000000188a9      0x19f ./Core/MCLIB/ControlFunctions.o
 .debug_macro   0x0000000000018a48      0x22c ./Core/MCLIB/ControlFunctions.o
 .debug_macro   0x0000000000018c74       0x5b ./Core/MCLIB/ControlFunctions.o
 .debug_macro   0x0000000000018ccf       0xa5 ./Core/MCLIB/ControlFunctions.o
 .debug_macro   0x0000000000018d74       0x81 ./Core/MCLIB/ControlFunctions.o
 .debug_macro   0x0000000000018df5       0xd3 ./Core/MCLIB/ControlFunctions.o
 .debug_macro   0x0000000000018ec8      0xa59 ./Core/MCLIB/ControlFunctions.o
 .debug_macro   0x0000000000019921       0x41 ./Core/MCLIB/ControlFunctions.o
 .debug_macro   0x0000000000019962      0x5ba ./Core/MCLIB/ControlFunctions.o
 .debug_macro   0x0000000000019f1c       0x44 ./Core/MCLIB/ControlFunctions.o
 .debug_macro   0x0000000000019f60      0x1f7 ./Core/MCLIB/ControlFunctions.o
 .debug_macro   0x000000000001a157       0x94 ./Core/MCLIB/ControlFunctions.o
 .debug_macro   0x000000000001a1eb      0x2ab ./Core/MCLIB/GeneralFunctions.o
 .debug_macro   0x000000000001a496       0x61 ./Core/MCLIB/GeneralFunctions.o
 .debug_macro   0x000000000001a4f7       0x2a ./Core/MCLIB/GeneralFunctions.o
 .debug_macro   0x000000000001a521       0x43 ./Core/MCLIB/GeneralFunctions.o
 .debug_macro   0x000000000001a564       0x34 ./Core/MCLIB/GeneralFunctions.o
 .debug_macro   0x000000000001a598       0x16 ./Core/MCLIB/GeneralFunctions.o
 .debug_macro   0x000000000001a5ae       0x43 ./Core/MCLIB/GeneralFunctions.o
 .debug_macro   0x000000000001a5f1       0x34 ./Core/MCLIB/GeneralFunctions.o
 .debug_macro   0x000000000001a625       0x10 ./Core/MCLIB/GeneralFunctions.o
 .debug_macro   0x000000000001a635       0x58 ./Core/MCLIB/GeneralFunctions.o
 .debug_macro   0x000000000001a68d       0x8e ./Core/MCLIB/GeneralFunctions.o
 .debug_macro   0x000000000001a71b       0x1c ./Core/MCLIB/GeneralFunctions.o
 .debug_macro   0x000000000001a737      0x177 ./Core/MCLIB/GeneralFunctions.o
 .debug_macro   0x000000000001a8ae      0x369 ./Core/MCLIB/GeneralFunctions.o
 .debug_macro   0x000000000001ac17      0x19b ./Core/MCLIB/GeneralFunctions.o
 .debug_macro   0x000000000001adb2       0x4f ./Core/MCLIB/GeneralFunctions.o
 .debug_macro   0x000000000001ae01       0x9a ./Core/MCLIB/GeneralFunctions.o
 .debug_macro   0x000000000001ae9b      0x1fc ./Core/MCLIB/GlogalVariables.o
 .debug_macro   0x000000000001b097       0x94 ./Core/MCLIB/GlogalVariables.o
 .debug_macro   0x000000000001b12b      0x2cb ./Core/MCLIB/Sequence.o
 .debug_macro   0x000000000001b3f6       0x28 ./Core/MCLIB/Sequence.o
 .debug_macro   0x000000000001b41e       0x5e ./Core/MCLIB/Sequence.o
 .debug_macro   0x000000000001b47c      0x2aa ./Core/MCLIB/SignalReadWrite.o
 .debug_macro   0x000000000001b726      0x21d ./Core/MCLIB/SixsStep.o
 .debug_macro   0x000000000001b943      0x2b5 ./Core/MCLIB/VectorControl.o
 .debug_macro   0x000000000001bbf8      0x209 ./Core/Src/main.o
 .debug_macro   0x000000000001be01      0x1ed ./Core/Src/stm32f3xx_hal_msp.o
 .debug_macro   0x000000000001bfee      0x21c ./Core/Src/stm32f3xx_it.o
 .debug_macro   0x000000000001c20a      0x1de ./Core/Src/system_stm32f3xx.o
 .debug_macro   0x000000000001c3e8      0x202 ./Drivers/STM32F3xx_HAL_Driver/Src/stm32f3xx_hal.o
 .debug_macro   0x000000000001c5ea      0x1df ./Drivers/STM32F3xx_HAL_Driver/Src/stm32f3xx_hal_adc.o
 .debug_macro   0x000000000001c7c9      0x208 ./Drivers/STM32F3xx_HAL_Driver/Src/stm32f3xx_hal_adc_ex.o
 .debug_macro   0x000000000001c9d1      0x1de ./Drivers/STM32F3xx_HAL_Driver/Src/stm32f3xx_hal_cortex.o
 .debug_macro   0x000000000001cbaf      0x1de ./Drivers/STM32F3xx_HAL_Driver/Src/stm32f3xx_hal_dma.o
 .debug_macro   0x000000000001cd8d      0x1e5 ./Drivers/STM32F3xx_HAL_Driver/Src/stm32f3xx_hal_gpio.o
 .debug_macro   0x000000000001cf72      0x202 ./Drivers/STM32F3xx_HAL_Driver/Src/stm32f3xx_hal_rcc.o
 .debug_macro   0x000000000001d174      0x1de ./Drivers/STM32F3xx_HAL_Driver/Src/stm32f3xx_hal_rcc_ex.o
 .debug_macro   0x000000000001d352      0x1df ./Drivers/STM32F3xx_HAL_Driver/Src/stm32f3xx_hal_tim.o
 .debug_macro   0x000000000001d531      0x1de ./Drivers/STM32F3xx_HAL_Driver/Src/stm32f3xx_hal_tim_ex.o
 .debug_macro   0x000000000001d70f      0x1fb ./Drivers/STM32F3xx_HAL_Driver/Src/stm32f3xx_hal_uart.o

.debug_line     0x0000000000000000    0x16975
 .debug_line    0x0000000000000000      0x7bb ./Core/MCLIB/ControlFunctions.o
 .debug_line    0x00000000000007bb      0x9e2 ./Core/MCLIB/GeneralFunctions.o
 .debug_line    0x000000000000119d      0x790 ./Core/MCLIB/GlogalVariables.o
 .debug_line    0x000000000000192d      0xa4a ./Core/MCLIB/Sequence.o
 .debug_line    0x0000000000002377      0xab3 ./Core/MCLIB/SignalReadWrite.o
 .debug_line    0x0000000000002e2a      0xb4f ./Core/MCLIB/SixsStep.o
 .debug_line    0x0000000000003979      0xc9b ./Core/MCLIB/VectorControl.o
 .debug_line    0x0000000000004614      0xb00 ./Core/Src/main.o
 .debug_line    0x0000000000005114      0x964 ./Core/Src/stm32f3xx_hal_msp.o
 .debug_line    0x0000000000005a78      0x90d ./Core/Src/stm32f3xx_it.o
 .debug_line    0x0000000000006385      0x80a ./Core/Src/system_stm32f3xx.o
 .debug_line    0x0000000000006b8f       0x7a ./Core/Startup/startup_stm32f302r8tx.o
 .debug_line    0x0000000000006c09      0xa3f ./Drivers/STM32F3xx_HAL_Driver/Src/stm32f3xx_hal.o
 .debug_line    0x0000000000007648      0x983 ./Drivers/STM32F3xx_HAL_Driver/Src/stm32f3xx_hal_adc.o
 .debug_line    0x0000000000007fcb     0x1c0b ./Drivers/STM32F3xx_HAL_Driver/Src/stm32f3xx_hal_adc_ex.o
 .debug_line    0x0000000000009bd6      0xc27 ./Drivers/STM32F3xx_HAL_Driver/Src/stm32f3xx_hal_cortex.o
 .debug_line    0x000000000000a7fd      0xd2d ./Drivers/STM32F3xx_HAL_Driver/Src/stm32f3xx_hal_dma.o
 .debug_line    0x000000000000b52a      0xb8a ./Drivers/STM32F3xx_HAL_Driver/Src/stm32f3xx_hal_gpio.o
 .debug_line    0x000000000000c0b4     0x1419 ./Drivers/STM32F3xx_HAL_Driver/Src/stm32f3xx_hal_rcc.o
 .debug_line    0x000000000000d4cd      0xc79 ./Drivers/STM32F3xx_HAL_Driver/Src/stm32f3xx_hal_rcc_ex.o
 .debug_line    0x000000000000e146     0x3c9e ./Drivers/STM32F3xx_HAL_Driver/Src/stm32f3xx_hal_tim.o
 .debug_line    0x0000000000011de4     0x1a8e ./Drivers/STM32F3xx_HAL_Driver/Src/stm32f3xx_hal_tim_ex.o
 .debug_line    0x0000000000013872     0x3103 ./Drivers/STM32F3xx_HAL_Driver/Src/stm32f3xx_hal_uart.o

.debug_str      0x0000000000000000    0xacf6d
 .debug_str     0x0000000000000000    0xa4653 ./Core/MCLIB/ControlFunctions.o
                                      0xa48fe (size before relaxing)
 .debug_str     0x00000000000a4653     0x3bed ./Core/MCLIB/GeneralFunctions.o
                                      0xa846c (size before relaxing)
 .debug_str     0x00000000000a8240      0x108 ./Core/MCLIB/GlogalVariables.o
                                      0xa4bc6 (size before relaxing)
 .debug_str     0x00000000000a8348      0x311 ./Core/MCLIB/Sequence.o
                                      0xa873e (size before relaxing)
 .debug_str     0x00000000000a8659      0x25d ./Core/MCLIB/SignalReadWrite.o
                                      0xa8757 (size before relaxing)
 .debug_str     0x00000000000a88b6      0x2d6 ./Core/MCLIB/SixsStep.o
                                      0xa4f8b (size before relaxing)
 .debug_str     0x00000000000a8b8c      0x151 ./Core/MCLIB/VectorControl.o
                                      0xa8586 (size before relaxing)
 .debug_str     0x00000000000a8cdd     0x1284 ./Core/Src/main.o
                                      0xa61a2 (size before relaxing)
 .debug_str     0x00000000000a9f61      0x142 ./Core/Src/stm32f3xx_hal_msp.o
                                      0xa580d (size before relaxing)
 .debug_str     0x00000000000aa0a3      0x11b ./Core/Src/stm32f3xx_it.o
                                      0xa52d0 (size before relaxing)
 .debug_str     0x00000000000aa1be       0xdf ./Core/Src/system_stm32f3xx.o
                                      0xa47ce (size before relaxing)
 .debug_str     0x00000000000aa29d       0x34 ./Core/Startup/startup_stm32f302r8tx.o
                                         0x48 (size before relaxing)
 .debug_str     0x00000000000aa2d1      0x384 ./Drivers/STM32F3xx_HAL_Driver/Src/stm32f3xx_hal.o
                                      0xa4f28 (size before relaxing)
 .debug_str     0x00000000000aa655      0x1d8 ./Drivers/STM32F3xx_HAL_Driver/Src/stm32f3xx_hal_adc.o
                                      0xa4dbb (size before relaxing)
 .debug_str     0x00000000000aa82d      0x4ea ./Drivers/STM32F3xx_HAL_Driver/Src/stm32f3xx_hal_adc_ex.o
                                      0xa53f0 (size before relaxing)
 .debug_str     0x00000000000aad17      0x218 ./Drivers/STM32F3xx_HAL_Driver/Src/stm32f3xx_hal_cortex.o
                                      0xa4e4d (size before relaxing)
 .debug_str     0x00000000000aaf2f      0x1fa ./Drivers/STM32F3xx_HAL_Driver/Src/stm32f3xx_hal_dma.o
                                      0xa4b16 (size before relaxing)
 .debug_str     0x00000000000ab129      0x107 ./Drivers/STM32F3xx_HAL_Driver/Src/stm32f3xx_hal_gpio.o
                                      0xa4944 (size before relaxing)